Archive member included to satisfy reference by file (symbol)

app/libapp.a(main.c.obj)      (--whole-archive)
zephyr/libzephyr.a(crc32_sw.c.obj)
                              (--whole-archive)
zephyr/libzephyr.a(crc16_sw.c.obj)
                              (--whole-archive)
zephyr/libzephyr.a(crc8_sw.c.obj)
                              (--whole-archive)
zephyr/libzephyr.a(crc7_sw.c.obj)
                              (--whole-archive)
zephyr/libzephyr.a(dec.c.obj)
                              (--whole-archive)
zephyr/libzephyr.a(fdtable.c.obj)
                              (--whole-archive)
zephyr/libzephyr.a(hex.c.obj)
                              (--whole-archive)
zephyr/libzephyr.a(mempool.c.obj)
                              (--whole-archive)
zephyr/libzephyr.a(notify.c.obj)
                              (--whole-archive)
zephyr/libzephyr.a(printk.c.obj)
                              (--whole-archive)
zephyr/libzephyr.a(onoff.c.obj)
                              (--whole-archive)
zephyr/libzephyr.a(rb.c.obj)  (--whole-archive)
zephyr/libzephyr.a(sem.c.obj)
                              (--whole-archive)
zephyr/libzephyr.a(thread_entry.c.obj)
                              (--whole-archive)
zephyr/libzephyr.a(timeutil.c.obj)
                              (--whole-archive)
zephyr/libzephyr.a(work_q.c.obj)
                              (--whole-archive)
zephyr/libzephyr.a(heap.c.obj)
                              (--whole-archive)
zephyr/libzephyr.a(heap-validate.c.obj)
                              (--whole-archive)
zephyr/libzephyr.a(configs.c.obj)
                              (--whole-archive)
zephyr/libzephyr.a(validate_base_addresses.c.obj)
                              (--whole-archive)
zephyr/libzephyr.a(validate_enabled_instances.c.obj)
                              (--whole-archive)
zephyr/libzephyr.a(power.c.obj)
                              (--whole-archive)
zephyr/libzephyr.a(policy_residency.c.obj)
                              (--whole-archive)
zephyr/libzephyr.a(rtt_console.c.obj)
                              (--whole-archive)
zephyr/libzephyr.a(nrf_power_clock.c.obj)
                              (--whole-archive)
zephyr/libzephyr.a(sys_clock_init.c.obj)
                              (--whole-archive)
zephyr/libzephyr.a(nrf_rtc_timer.c.obj)
                              (--whole-archive)
zephyr/libzephyr.a(SEGGER_RTT.c.obj)
                              (--whole-archive)
zephyr/libzephyr.a(SEGGER_RTT_zephyr.c.obj)
                              (--whole-archive)
zephyr/arch/common/libarch__common.a(isr_tables.c.obj)
                              (--whole-archive)
zephyr/arch/common/libarch__common.a(sw_isr_common.c.obj)
                              (--whole-archive)
zephyr/arch/arch/arm/core/aarch32/libarch__arm__core__aarch32.a(swap.c.obj)
                              (--whole-archive)
zephyr/arch/arch/arm/core/aarch32/libarch__arm__core__aarch32.a(swap_helper.S.obj)
                              (--whole-archive)
zephyr/arch/arch/arm/core/aarch32/libarch__arm__core__aarch32.a(irq_manage.c.obj)
                              (--whole-archive)
zephyr/arch/arch/arm/core/aarch32/libarch__arm__core__aarch32.a(thread.c.obj)
                              (--whole-archive)
zephyr/arch/arch/arm/core/aarch32/libarch__arm__core__aarch32.a(cpu_idle.S.obj)
                              (--whole-archive)
zephyr/arch/arch/arm/core/aarch32/libarch__arm__core__aarch32.a(fatal.c.obj)
                              (--whole-archive)
zephyr/arch/arch/arm/core/aarch32/libarch__arm__core__aarch32.a(nmi.c.obj)
                              (--whole-archive)
zephyr/arch/arch/arm/core/aarch32/libarch__arm__core__aarch32.a(nmi_on_reset.S.obj)
                              (--whole-archive)
zephyr/arch/arch/arm/core/aarch32/libarch__arm__core__aarch32.a(prep_c.c.obj)
                              (--whole-archive)
zephyr/arch/arch/arm/core/aarch32/libarch__arm__core__aarch32.a(isr_wrapper.S.obj)
                              (--whole-archive)
zephyr/arch/arch/arm/core/aarch32/cortex_m/libarch__arm__core__aarch32__cortex_m.a(vector_table.S.obj)
                              (--whole-archive)
zephyr/arch/arch/arm/core/aarch32/cortex_m/libarch__arm__core__aarch32__cortex_m.a(reset.S.obj)
                              (--whole-archive)
zephyr/arch/arch/arm/core/aarch32/cortex_m/libarch__arm__core__aarch32__cortex_m.a(fault_s.S.obj)
                              (--whole-archive)
zephyr/arch/arch/arm/core/aarch32/cortex_m/libarch__arm__core__aarch32__cortex_m.a(fault.c.obj)
                              (--whole-archive)
zephyr/arch/arch/arm/core/aarch32/cortex_m/libarch__arm__core__aarch32__cortex_m.a(exc_exit.S.obj)
                              (--whole-archive)
zephyr/arch/arch/arm/core/aarch32/cortex_m/libarch__arm__core__aarch32__cortex_m.a(scb.c.obj)
                              (--whole-archive)
zephyr/arch/arch/arm/core/aarch32/cortex_m/libarch__arm__core__aarch32__cortex_m.a(irq_init.c.obj)
[...]
Memory Configuration

Name             Origin             Length             Attributes
FLASH            0x0000000000000000 0x0000000000080000 xr
SRAM             0x0000000020000000 0x0000000000010000 xw
IDT_LIST         0x0000000020010000 0x0000000000000800 xw
*default*        0x0000000000000000 0xffffffffffffffff

Linker script and memory map

LOAD zephyr/CMakeFiles/zephyr_prebuilt.dir/misc/empty_file.c.obj
                0x0000000000000020                _region_min_align = 0x20

.rel.plt        0x0000000000000000        0x0
 *(SORT_BY_ALIGNMENT(.rel.plt))
                [!provide]                        PROVIDE (__rel_iplt_start = .)
 *(SORT_BY_ALIGNMENT(.rel.iplt))
 .rel.iplt      0x0000000000000000        0x0 app/libapp.a(main.c.obj)
                [!provide]                        PROVIDE (__rel_iplt_end = .)

.rela.plt       0x0000000000000000        0x0
 *(SORT_BY_ALIGNMENT(.rela.plt))
                [!provide]                        PROVIDE (__rela_iplt_start = .)
 *(SORT_BY_ALIGNMENT(.rela.iplt))
                [!provide]                        PROVIDE (__rela_iplt_end = .)

.rel.dyn
 *(SORT_BY_ALIGNMENT(.rel.*))

.rela.dyn
 *(SORT_BY_ALIGNMENT(.rela.*))

/DISCARD/
 *(SORT_BY_ALIGNMENT(.plt))
 *(SORT_BY_ALIGNMENT(.iplt))
 *(SORT_BY_ALIGNMENT(.got.plt))
 *(SORT_BY_ALIGNMENT(.igot.plt))
 *(SORT_BY_ALIGNMENT(.got))
 *(SORT_BY_ALIGNMENT(.igot))
 *(SORT_BY_ALIGNMENT(.note.GNU-stack))
                0x0000000000000000                _image_rom_start = 0x0

rom_start       0x0000000000000000       0xdc
                0x0000000000000000                . = 0x0
                0x0000000000000000                . = ALIGN (0x4)
                0x0000000000000000                _vector_start = .
 *(SORT_BY_ALIGNMENT(.exc_vector_table))
 *(SORT_BY_ALIGNMENT(.exc_vector_table.*))
 .exc_vector_table._vector_table_section
                0x0000000000000000       0x40 zephyr/arch/arch/arm/core/aarch32/cortex_m/libarch__arm__core__aarch32__cortex_m.a(vector_table.S.obj)
                0x0000000000000000                _vector_table
 *(SORT_BY_ALIGNMENT(.gnu.linkonce.irq_vector_table))
 .gnu.linkonce.irq_vector_table
                0x0000000000000040       0x9c zephyr/arch/common/libarch__common.a(isr_tables.c.obj)
                0x0000000000000040                _irq_vector_table
 *(SORT_BY_ALIGNMENT(.vectors))
                0x00000000000000dc                _vector_end = .
 *(SORT_BY_ALIGNMENT(.openocd_dbg))
 *(SORT_BY_ALIGNMENT(.openocd_dbg.*))

text            0x00000000000000dc     0x3a6a
                0x00000000000000dc                _image_text_start = .
 *(SORT_BY_ALIGNMENT(.text))
 .text          0x00000000000000dc       0x30 /opt/zephyr-sdk-0.11.3/arm-zephyr-eabi/bin/../lib/gcc/arm-zephyr-eabi/9.2.0/thumb/v7e-m/nofp/libgcc.a(_aeabi_uldivmod.o)
                0x00000000000000dc                __aeabi_uldivmod
 .text          0x000000000000010c      0x2c4 /opt/zephyr-sdk-0.11.3/arm-zephyr-eabi/bin/../lib/gcc/arm-zephyr-eabi/9.2.0/thumb/v7e-m/nofp/libgcc.a(_udivmoddi4.o)
                0x000000000000010c                __udivmoddi4
 .text          0x00000000000003d0        0x4 /opt/zephyr-sdk-0.11.3/arm-zephyr-eabi/bin/../lib/gcc/arm-zephyr-eabi/9.2.0/thumb/v7e-m/nofp/libgcc.a(_dvmd_tls.o)
                0x00000000000003d0                __aeabi_ldiv0
                0x00000000000003d0                __aeabi_idiv0
 *(SORT_BY_ALIGNMENT(.text.*))
 .text.main     0x00000000000003d4       0x70 app/libapp.a(main.c.obj)
                0x00000000000003d4                main
 .text.char_out
                0x0000000000000444       0x14 zephyr/libzephyr.a(printk.c.obj)
 .text._printk_dec_ulong
                0x0000000000000458       0xa8 zephyr/libzephyr.a(printk.c.obj)
 .text.__printk_hook_install
                0x0000000000000500        0xc zephyr/libzephyr.a(printk.c.obj)
                0x0000000000000500                __printk_hook_install
 .text.vprintk  0x000000000000050c       0x20 zephyr/libzephyr.a(printk.c.obj)
                0x000000000000050c                vprintk
 .text.rtt_console_init
                0x000000000000052c       0x18 zephyr/libzephyr.a(rtt_console.c.obj)
 .text.rtt_console_out
                0x0000000000000544       0x64 zephyr/libzephyr.a(rtt_console.c.obj)
 .text.nrf_power_clock_isr
                0x00000000000005a8       0x40 zephyr/libzephyr.a(nrf_power_clock.c.obj)
                0x00000000000005a8                nrf_power_clock_isr
 .text.clock_async_start
                0x00000000000005e8       0xb8 zephyr/libzephyr.a(nrf_power_clock.c.obj)
 .text.set_comparator
                0x00000000000006a0       0x10 zephyr/libzephyr.a(nrf_rtc_timer.c.obj)
 .text.get_comparator
                0x00000000000006b0        0xc zephyr/libzephyr.a(nrf_rtc_timer.c.obj)
 .text.event_clear
                0x00000000000006bc       0x18 zephyr/libzephyr.a(nrf_rtc_timer.c.obj)
 .text.event_enable
                0x00000000000006d4       0x10 zephyr/libzephyr.a(nrf_rtc_timer.c.obj)
 .text.int_disable
                0x00000000000006e4       0x10 zephyr/libzephyr.a(nrf_rtc_timer.c.obj)
 .text.int_enable
                0x00000000000006f4       0x10 zephyr/libzephyr.a(nrf_rtc_timer.c.obj)
 .text.counter  0x0000000000000704        0xc zephyr/libzephyr.a(nrf_rtc_timer.c.obj)
 .text.rtc1_nrf_isr
                0x0000000000000710       0x24 zephyr/libzephyr.a(nrf_rtc_timer.c.obj)
                0x0000000000000710                rtc1_nrf_isr
 .text.prevent_false_prev_evt
                0x0000000000000734       0x44 zephyr/libzephyr.a(nrf_rtc_timer.c.obj)
 .text.z_clock_driver_init
                0x0000000000000778       0x60 zephyr/libzephyr.a(nrf_rtc_timer.c.obj)
                0x0000000000000778                z_clock_driver_init
 .text.z_clock_set_timeout
                0x00000000000007d8       0x5c zephyr/libzephyr.a(nrf_rtc_timer.c.obj)
                0x00000000000007d8                z_clock_set_timeout
 .text.z_clock_elapsed
                0x0000000000000834       0x2c zephyr/libzephyr.a(nrf_rtc_timer.c.obj)
                0x0000000000000834                z_clock_elapsed
 .text._DoInit  0x0000000000000860       0x60 zephyr/libzephyr.a(SEGGER_RTT.c.obj)
 .text.SEGGER_RTT_WriteNoLock
                0x00000000000008c0       0x6c zephyr/libzephyr.a(SEGGER_RTT.c.obj)
                0x00000000000008c0                SEGGER_RTT_WriteNoLock
 .text.arch_swap
                0x000000000000092c       0x34 zephyr/arch/arch/arm/core/aarch32/libarch__arm__core__aarch32.a(swap.c.obj)
                0x000000000000092c                arch_swap
 .text.z_arm_pendsv
                0x0000000000000960       0x48 zephyr/arch/arch/arm/core/aarch32/libarch__arm__core__aarch32.a(swap_helper.S.obj)
                0x0000000000000960                z_arm_pendsv
 .text.z_arm_svc
                0x00000000000009a8       0x20 zephyr/arch/arch/arm/core/aarch32/libarch__arm__core__aarch32.a(swap_helper.S.obj)
                0x00000000000009a8                z_arm_svc
 .text.arch_irq_enable
                0x00000000000009c8       0x20 zephyr/arch/arch/arm/core/aarch32/libarch__arm__core__aarch32.a(irq_manage.c.obj)
                0x00000000000009c8                arch_irq_enable
 .text.z_arm_irq_priority_set
                0x00000000000009e8       0x2c zephyr/arch/arch/arm/core/aarch32/libarch__arm__core__aarch32.a(irq_manage.c.obj)
                0x00000000000009e8                z_arm_irq_priority_set
 .text.arch_new_thread
                0x0000000000000a14       0x3c zephyr/arch/arch/arm/core/aarch32/libarch__arm__core__aarch32.a(thread.c.obj)
                0x0000000000000a14                arch_new_thread
 .text.arch_switch_to_main_thread
                0x0000000000000a50       0x38 zephyr/arch/arch/arm/core/aarch32/libarch__arm__core__aarch32.a(thread.c.obj)
                0x0000000000000a50                arch_switch_to_main_thread
 .text.z_arm_cpu_idle_init
                0x0000000000000a88        0xc zephyr/arch/arch/arm/core/aarch32/libarch__arm__core__aarch32.a(cpu_idle.S.obj)
                0x0000000000000a88                z_arm_cpu_idle_init
 .text.arch_cpu_idle
                0x0000000000000a94       0x1c zephyr/arch/arch/arm/core/aarch32/libarch__arm__core__aarch32.a(cpu_idle.S.obj)
                0x0000000000000a94                arch_cpu_idle
 .text.z_SysNmiOnReset
                0x0000000000000ab0        0x8 zephyr/arch/arch/arm/core/aarch32/libarch__arm__core__aarch32.a(nmi_on_reset.S.obj)
                0x0000000000000ab0                z_SysNmiOnReset
 .text.z_arm_prep_c
                0x0000000000000ab8       0x44 zephyr/arch/arch/arm/core/aarch32/libarch__arm__core__aarch32.a(prep_c.c.obj)
                0x0000000000000ab8                z_arm_prep_c
 .text._isr_wrapper
                0x0000000000000afc       0x40 zephyr/arch/arch/arm/core/aarch32/libarch__arm__core__aarch32.a(isr_wrapper.S.obj)
                0x0000000000000afc                _isr_wrapper
 .text._reset_section
                0x0000000000000b3c       0x30 zephyr/arch/arch/arm/core/aarch32/cortex_m/libarch__arm__core__aarch32__cortex_m.a(reset.S.obj)
                0x0000000000000b3c                z_arm_reset
                0x0000000000000b3c                __start
 .text.__fault  0x0000000000000b6c       0x14 zephyr/arch/arch/arm/core/aarch32/cortex_m/libarch__arm__core__aarch32__cortex_m.a(fault_s.S.obj)
                0x0000000000000b6c                z_arm_bus_fault
                0x0000000000000b6c                z_arm_usage_fault
                0x0000000000000b6c                z_arm_mpu_fault
                0x0000000000000b6c                z_arm_exc_spurious
                0x0000000000000b6c                z_arm_debug_monitor
                0x0000000000000b6c                z_arm_hard_fault
 .text.mem_manage_fault
                0x0000000000000b80       0x48 zephyr/arch/arch/arm/core/aarch32/cortex_m/libarch__arm__core__aarch32__cortex_m.a(fault.c.obj)
 .text.bus_fault
                0x0000000000000bc8       0x54 zephyr/arch/arch/arm/core/aarch32/cortex_m/libarch__arm__core__aarch32__cortex_m.a(fault.c.obj)
 .text.usage_fault
                0x0000000000000c1c       0x24 zephyr/arch/arch/arm/core/aarch32/cortex_m/libarch__arm__core__aarch32__cortex_m.a(fault.c.obj)
 .text.hard_fault
                0x0000000000000c40       0x64 zephyr/arch/arch/arm/core/aarch32/cortex_m/libarch__arm__core__aarch32__cortex_m.a(fault.c.obj)
 .text.z_arm_fault
                0x0000000000000ca4       0x94 zephyr/arch/arch/arm/core/aarch32/cortex_m/libarch__arm__core__aarch32__cortex_m.a(fault.c.obj)
                0x0000000000000ca4                z_arm_fault
 .text.z_arm_fault_init
                0x0000000000000d38       0x10 zephyr/arch/arch/arm/core/aarch32/cortex_m/libarch__arm__core__aarch32__cortex_m.a(fault.c.obj)
                0x0000000000000d38                z_arm_fault_init
 .text._HandlerModeExit
                0x0000000000000d48       0x1c zephyr/arch/arch/arm/core/aarch32/cortex_m/libarch__arm__core__aarch32__cortex_m.a(exc_exit.S.obj)
                0x0000000000000d48                z_arm_exc_exit
                0x0000000000000d48                z_arm_int_exit
 .text.z_arm_interrupt_init
                0x0000000000000d64       0x34 zephyr/arch/arch/arm/core/aarch32/cortex_m/libarch__arm__core__aarch32__cortex_m.a(irq_init.c.obj)
                0x0000000000000d64                z_arm_interrupt_init
 .text.z_impl_k_thread_abort
                0x0000000000000d98       0x4c zephyr/arch/arch/arm/core/aarch32/cortex_m/libarch__arm__core__aarch32__cortex_m.a(thread_abort.c.obj)
                0x0000000000000d98                z_impl_k_thread_abort
 .text.z_arm_configure_static_mpu_regions
                0x0000000000000de4       0x3c zephyr/arch/arch/arm/core/aarch32/cortex_m/mpu/libarch__arm__core__aarch32__cortex_m__mpu.a(arm_core_mpu.c.obj)
                0x0000000000000de4                z_arm_configure_static_mpu_regions
 .text.region_init
                0x0000000000000e20       0x20 zephyr/arch/arch/arm/core/aarch32/cortex_m/mpu/libarch__arm__core__aarch32__cortex_m__mpu.a(arm_mpu.c.obj)
 .text.mpu_configure_static_mpu_regions
                0x0000000000000e40       0x14 zephyr/arch/arch/arm/core/aarch32/cortex_m/mpu/libarch__arm__core__aarch32__cortex_m__mpu.a(arm_mpu.c.obj)
 .text.arm_core_mpu_enable
                0x0000000000000e54       0x14 zephyr/arch/arch/arm/core/aarch32/cortex_m/mpu/libarch__arm__core__aarch32__cortex_m__mpu.a(arm_mpu.c.obj)
                0x0000000000000e54                arm_core_mpu_enable
 .text.arm_core_mpu_disable
                0x0000000000000e68       0x10 zephyr/arch/arch/arm/core/aarch32/cortex_m/mpu/libarch__arm__core__aarch32__cortex_m__mpu.a(arm_mpu.c.obj)
                0x0000000000000e68                arm_core_mpu_disable
 .text.arm_mpu_init
                0x0000000000000e78       0x44 zephyr/arch/arch/arm/core/aarch32/cortex_m/mpu/libarch__arm__core__aarch32__cortex_m__mpu.a(arm_mpu.c.obj)
 .text.__stdout_hook_install
                0x0000000000000ebc        0xc zephyr/lib/libc/minimal/liblib__libc__minimal.a(stdout_console.c.obj)
                0x0000000000000ebc                __stdout_hook_install
 .text.nordicsemi_nrf52_init
                0x0000000000000ec8       0x30 zephyr/soc/arm/nordic_nrf/nrf52/libsoc__arm__nordic_nrf__nrf52.a(soc.c.obj)
 .text.arch_busy_wait
                0x0000000000000ef8       0x18 zephyr/soc/arm/nordic_nrf/nrf52/libsoc__arm__nordic_nrf__nrf52.a(soc.c.obj)
                0x0000000000000ef8                arch_busy_wait
 .text.gpiote_channel_alloc
                0x0000000000000f10       0x98 zephyr/drivers/gpio/libdrivers__gpio.a(gpio_nrfx.c.obj)
 .text.gpiote_channel_free
                0x0000000000000fa8       0x54 zephyr/drivers/gpio/libdrivers__gpio.a(gpio_nrfx.c.obj)
 .text.gpio_nrfx_config
                0x0000000000000ffc       0xe4 zephyr/drivers/gpio/libdrivers__gpio.a(gpio_nrfx.c.obj)
 .text.gpiote_event_handler
                0x00000000000010e0       0xd8 zephyr/drivers/gpio/libdrivers__gpio.a(gpio_nrfx.c.obj)
 .text.gpio_nrfx_init
                0x00000000000011b8       0x38 zephyr/drivers/gpio/libdrivers__gpio.a(gpio_nrfx.c.obj)
 .text.event_txdrdy_check
                0x00000000000011f0       0x10 zephyr/drivers/serial/libdrivers__serial.a(uart_nrfx_uart.c.obj)
 .text.event_txdrdy_clear
                0x0000000000001200       0x18 zephyr/drivers/serial/libdrivers__serial.a(uart_nrfx_uart.c.obj)
 .text.baudrate_set
                0x0000000000001218      0x15c zephyr/drivers/serial/libdrivers__serial.a(uart_nrfx_uart.c.obj)
 .text.uart_nrfx_poll_in
                0x0000000000001374       0x30 zephyr/drivers/serial/libdrivers__serial.a(uart_nrfx_uart.c.obj)
 .text.uart_nrfx_err_check
                0x00000000000013a4       0x10 zephyr/drivers/serial/libdrivers__serial.a(uart_nrfx_uart.c.obj)
 .text.uart_nrfx_configure
                0x00000000000013b4       0x9c zephyr/drivers/serial/libdrivers__serial.a(uart_nrfx_uart.c.obj)
 .text.uart_nrfx_init
                0x0000000000001450       0x70 zephyr/drivers/serial/libdrivers__serial.a(uart_nrfx_uart.c.obj)
 .text.uart_nrfx_poll_out
                0x00000000000014c0       0x80 zephyr/drivers/serial/libdrivers__serial.a(uart_nrfx_uart.c.obj)
 .text.nrf52_errata_12
                0x0000000000001540       0x48 modules/nordic/lib..__modules__hal__nordic.a(system_nrf52.c.obj)
 .text.nrf52_errata_16
                0x0000000000001588       0x24 modules/nordic/lib..__modules__hal__nordic.a(system_nrf52.c.obj)
 .text.nrf52_errata_31
                0x00000000000015ac       0x48 modules/nordic/lib..__modules__hal__nordic.a(system_nrf52.c.obj)
 .text.nrf52_errata_32
                0x00000000000015f4       0x24 modules/nordic/lib..__modules__hal__nordic.a(system_nrf52.c.obj)
 .text.nrf52_errata_36
                0x0000000000001618       0x48 modules/nordic/lib..__modules__hal__nordic.a(system_nrf52.c.obj)
 .text.nrf52_errata_37
                0x0000000000001660       0x24 modules/nordic/lib..__modules__hal__nordic.a(system_nrf52.c.obj)
 .text.nrf52_errata_57
                0x0000000000001684       0x24 modules/nordic/lib..__modules__hal__nordic.a(system_nrf52.c.obj)
 .text.nrf52_errata_66
                0x00000000000016a8       0x48 modules/nordic/lib..__modules__hal__nordic.a(system_nrf52.c.obj)
 .text.nrf52_errata_108
                0x00000000000016f0       0x48 modules/nordic/lib..__modules__hal__nordic.a(system_nrf52.c.obj)
 .text.nrf52_errata_136
                0x0000000000001738       0x48 modules/nordic/lib..__modules__hal__nordic.a(system_nrf52.c.obj)
 .text.nrf52_errata_182
                0x0000000000001780       0x24 modules/nordic/lib..__modules__hal__nordic.a(system_nrf52.c.obj)
 .text.SystemCoreClockUpdate
                0x00000000000017a4       0x10 modules/nordic/lib..__modules__hal__nordic.a(system_nrf52.c.obj)
                0x00000000000017a4                SystemCoreClockUpdate
 .text.SystemInit
                0x00000000000017b4      0x220 modules/nordic/lib..__modules__hal__nordic.a(system_nrf52.c.obj)
                0x00000000000017b4                SystemInit
 .text.z_sys_init_run_level
                0x00000000000019d4       0x38 zephyr/kernel/libkernel.a(device.c.obj)
                0x00000000000019d4                z_sys_init_run_level
 .text.z_impl_device_get_binding
                0x0000000000001a0c       0x4c zephyr/kernel/libkernel.a(device.c.obj)
                0x0000000000001a0c                z_impl_device_get_binding
 .text.set_kernel_idle_time_in_ticks
                0x0000000000001a58        0xc zephyr/kernel/libkernel.a(idle.c.obj)
 .text.init_idle_thread
                0x0000000000001a64       0x4c zephyr/kernel/libkernel.a(init.c.obj)
 .text.prepare_multithreading
                0x0000000000001ab0       0x98 zephyr/kernel/libkernel.a(init.c.obj)
 .text.switch_to_main_thread
                0x0000000000001b48       0x1c zephyr/kernel/libkernel.a(init.c.obj)
 .text.z_bss_zero
                0x0000000000001b64       0x18 zephyr/kernel/libkernel.a(init.c.obj)
                0x0000000000001b64                z_bss_zero
 .text.z_data_copy
                0x0000000000001b7c       0x34 zephyr/kernel/libkernel.a(init.c.obj)
                0x0000000000001b7c                z_data_copy
 .text.bg_thread_main
                0x0000000000001bb0       0x48 zephyr/kernel/libkernel.a(init.c.obj)
 .text.z_cstart
                0x0000000000001bf8       0x70 zephyr/kernel/libkernel.a(init.c.obj)
                0x0000000000001bf8                z_cstart
 .text.z_impl_k_mutex_lock
                0x0000000000001c68      0x114 zephyr/kernel/libkernel.a(mutex.c.obj)
                0x0000000000001c68                z_impl_k_mutex_lock
 .text.z_impl_k_mutex_unlock
                0x0000000000001d7c       0x84 zephyr/kernel/libkernel.a(mutex.c.obj)
                0x0000000000001d7c                z_impl_k_mutex_unlock
 .text.add_thread_timeout
                0x0000000000001e00       0x20 zephyr/kernel/libkernel.a(sched.c.obj)
 .text.z_reset_time_slice
                0x0000000000001e20       0x2c zephyr/kernel/libkernel.a(sched.c.obj)
                0x0000000000001e20                z_reset_time_slice
 .text.k_sched_time_slice_set
                0x0000000000001e4c       0x68 zephyr/kernel/libkernel.a(sched.c.obj)
                0x0000000000001e4c                k_sched_time_slice_set
 .text.k_sched_lock
                0x0000000000001eb4       0x30 zephyr/kernel/libkernel.a(sched.c.obj)
                0x0000000000001eb4                k_sched_lock
 .text.z_priq_dumb_remove
                0x0000000000001ee4       0x30 zephyr/kernel/libkernel.a(sched.c.obj)
                0x0000000000001ee4                z_priq_dumb_remove
 .text.update_cache
                0x0000000000001f14       0x54 zephyr/kernel/libkernel.a(sched.c.obj)
 .text.k_sched_unlock
                0x0000000000001f68       0x4c zephyr/kernel/libkernel.a(sched.c.obj)
                0x0000000000001f68                k_sched_unlock
 .text.ready_thread
                0x0000000000001fb4       0x78 zephyr/kernel/libkernel.a(sched.c.obj)
 .text.z_sched_start
                0x000000000000202c       0x3c zephyr/kernel/libkernel.a(sched.c.obj)
                0x000000000000202c                z_sched_start
 .text.z_move_thread_to_end_of_prio_q
                0x0000000000002068       0xa8 zephyr/kernel/libkernel.a(sched.c.obj)
                0x0000000000002068                z_move_thread_to_end_of_prio_q
 .text.z_time_slice
                0x0000000000002110       0x74 zephyr/kernel/libkernel.a(sched.c.obj)
                0x0000000000002110                z_time_slice
 .text.z_impl_k_thread_suspend
                0x0000000000002184       0x84 zephyr/kernel/libkernel.a(sched.c.obj)
                0x0000000000002184                z_impl_k_thread_suspend
 .text.z_thread_single_abort
                0x0000000000002208       0xe0 zephyr/kernel/libkernel.a(sched.c.obj)
                0x0000000000002208                z_thread_single_abort
 .text.unready_thread
                0x00000000000022e8       0x38 zephyr/kernel/libkernel.a(sched.c.obj)
 .text.z_pend_curr
                0x0000000000002320       0x28 zephyr/kernel/libkernel.a(sched.c.obj)
                0x0000000000002320                z_pend_curr
 .text.z_set_prio
                0x0000000000002348       0xb0 zephyr/kernel/libkernel.a(sched.c.obj)
                0x0000000000002348                z_set_prio
 .text.z_sched_init
                0x00000000000023f8       0x1c zephyr/kernel/libkernel.a(sched.c.obj)
                0x00000000000023f8                z_sched_init
 .text.z_impl_k_yield
                0x0000000000002414       0xb8 zephyr/kernel/libkernel.a(sched.c.obj)
                0x0000000000002414                z_impl_k_yield
 .text.z_tick_sleep
                0x00000000000024cc       0x70 zephyr/kernel/libkernel.a(sched.c.obj)
 .text.z_impl_k_sleep
                0x000000000000253c       0x58 zephyr/kernel/libkernel.a(sched.c.obj)
                0x000000000000253c                z_impl_k_sleep
 .text.z_impl_k_current_get
                0x0000000000002594        0xc zephyr/kernel/libkernel.a(sched.c.obj)
                0x0000000000002594                z_impl_k_current_get
 .text.schedule_new_thread
                0x00000000000025a0       0x24 zephyr/kernel/libkernel.a(thread.c.obj)
 .text.z_setup_new_thread
                0x00000000000025c4       0x68 zephyr/kernel/libkernel.a(thread.c.obj)
                0x00000000000025c4                z_setup_new_thread
 .text.z_init_static_threads
                0x000000000000262c       0x8c zephyr/kernel/libkernel.a(thread.c.obj)
                0x000000000000262c                z_init_static_threads
 .text.first    0x00000000000026b8       0x14 zephyr/kernel/libkernel.a(timeout.c.obj)
 .text.next     0x00000000000026cc       0x18 zephyr/kernel/libkernel.a(timeout.c.obj)
 .text.elapsed  0x00000000000026e4       0x18 zephyr/kernel/libkernel.a(timeout.c.obj)
 .text.next_timeout
                0x00000000000026fc       0x30 zephyr/kernel/libkernel.a(timeout.c.obj)
 .text.z_add_timeout
                0x000000000000272c       0xf0 zephyr/kernel/libkernel.a(timeout.c.obj)
                0x000000000000272c                z_add_timeout
 .text.z_clock_announce
                0x000000000000281c       0xb0 zephyr/kernel/libkernel.a(timeout.c.obj)
                0x000000000000281c                z_clock_announce
 .text.z_tick_get
                0x00000000000028cc       0x40 zephyr/kernel/libkernel.a(timeout.c.obj)
                0x00000000000028cc                z_tick_get
 .text.statics_init
                0x000000000000290c       0x24 zephyr/kernel/libkernel.a(kheap.c.obj)
 .text.arch_printk_char_out
                0x0000000000002930        0x4 zephyr/libzephyr.a(printk.c.obj)
                0x0000000000002930                arch_printk_char_out
 .text.print_err
                0x0000000000002934       0x18 zephyr/libzephyr.a(printk.c.obj)
 .text._printk_hex_ulong
                0x000000000000294c       0xc0 zephyr/libzephyr.a(printk.c.obj)
 .text.z_vprintk
                0x0000000000002a0c      0x33e zephyr/libzephyr.a(printk.c.obj)
                0x0000000000002a0c                z_vprintk
 .text.printk   0x0000000000002d4a       0x1c zephyr/libzephyr.a(printk.c.obj)
                0x0000000000002d4a                printk
 .text.z_thread_entry
                0x0000000000002d66       0x14 zephyr/libzephyr.a(thread_entry.c.obj)
                0x0000000000002d66                z_thread_entry
 .text.bucket_idx
                0x0000000000002d7a       0x16 zephyr/libzephyr.a(heap.c.obj)
 .text.free_list_add
                0x0000000000002d90       0xd2 zephyr/libzephyr.a(heap.c.obj)
 .text.sys_heap_init
                0x0000000000002e62       0x9c zephyr/libzephyr.a(heap.c.obj)
                0x0000000000002e62                sys_heap_init
 .text._ConfigAbsSyms
                0x0000000000002efe        0x2 zephyr/libzephyr.a(configs.c.obj)
                0x0000000000002efe                _ConfigAbsSyms
 .text.wait     0x0000000000002f00       0x14 zephyr/libzephyr.a(rtt_console.c.obj)
 .text.clock_event_check_and_clean
                0x0000000000002f14       0x34 zephyr/libzephyr.a(nrf_power_clock.c.obj)
 .text.clock_irqs_disable
                0x0000000000002f48        0xc zephyr/libzephyr.a(nrf_power_clock.c.obj)
 .text.clock_irqs_enable
                0x0000000000002f54        0xc zephyr/libzephyr.a(nrf_power_clock.c.obj)
 .text.get_sub_data
                0x0000000000002f60        0xc zephyr/libzephyr.a(nrf_power_clock.c.obj)
 .text.get_sub_config
                0x0000000000002f6c        0x8 zephyr/libzephyr.a(nrf_power_clock.c.obj)
 .text.get_status
                0x0000000000002f74       0x1c zephyr/libzephyr.a(nrf_power_clock.c.obj)
 .text.clock_stop
                0x0000000000002f90       0x58 zephyr/libzephyr.a(nrf_power_clock.c.obj)
 .text.is_in_list
                0x0000000000002fe8       0x1a zephyr/libzephyr.a(nrf_power_clock.c.obj)
 .text.list_append
                0x0000000000003002       0x2c zephyr/libzephyr.a(nrf_power_clock.c.obj)
 .text.list_get
                0x000000000000302e       0x3c zephyr/libzephyr.a(nrf_power_clock.c.obj)
 .text.clkstarted_handle
                0x000000000000306a       0x28 zephyr/libzephyr.a(nrf_power_clock.c.obj)
 .text.clock_start
                0x0000000000003092        0xa zephyr/libzephyr.a(nrf_power_clock.c.obj)
 .text.clk_init
                0x000000000000309c       0x40 zephyr/libzephyr.a(nrf_power_clock.c.obj)
 .text.z_clock_isr
                0x00000000000030dc        0x2 zephyr/libzephyr.a(sys_clock_init.c.obj)
                0x00000000000030dc                z_clock_isr
 .text.z_clock_idle_exit
                0x00000000000030de        0x2 zephyr/libzephyr.a(sys_clock_init.c.obj)
                0x00000000000030de                z_clock_idle_exit
 .text.counter_sub
                0x00000000000030e0        0x8 zephyr/libzephyr.a(nrf_rtc_timer.c.obj)
 .text.handle_next_tick_case
                0x00000000000030e8       0x22 zephyr/libzephyr.a(nrf_rtc_timer.c.obj)
 .text.set_absolute_ticks
                0x000000000000310a       0x42 zephyr/libzephyr.a(nrf_rtc_timer.c.obj)
 .text.set_protected_absolute_ticks
                0x000000000000314c       0x18 zephyr/libzephyr.a(nrf_rtc_timer.c.obj)
 .text._GetAvailWriteSpace
                0x0000000000003164       0x18 zephyr/libzephyr.a(SEGGER_RTT.c.obj)
 .text._WriteNoCheck
                0x000000000000317c       0x44 zephyr/libzephyr.a(SEGGER_RTT.c.obj)
 .text._WriteBlocking
                0x00000000000031c0       0x5e zephyr/libzephyr.a(SEGGER_RTT.c.obj)
 .text.SEGGER_RTT_Init
                0x000000000000321e        0x8 zephyr/libzephyr.a(SEGGER_RTT.c.obj)
                0x000000000000321e                SEGGER_RTT_Init
 .text.rtt_init
                0x0000000000003226        0xa zephyr/libzephyr.a(SEGGER_RTT_zephyr.c.obj)
 .text.z_irq_spurious
                0x0000000000003230        0xc zephyr/arch/arch/arm/core/aarch32/libarch__arm__core__aarch32.a(irq_manage.c.obj)
                0x0000000000003230                z_irq_spurious
 .text.z_arm_fatal_error
                0x000000000000323c        0x8 zephyr/arch/arch/arm/core/aarch32/libarch__arm__core__aarch32.a(fatal.c.obj)
                0x000000000000323c                z_arm_fatal_error
 .text.z_do_kernel_oops
                0x0000000000003244        0xc zephyr/arch/arch/arm/core/aarch32/libarch__arm__core__aarch32.a(fatal.c.obj)
                0x0000000000003244                z_do_kernel_oops
 .text.z_arm_nmi
                0x0000000000003250        0xc zephyr/arch/arch/arm/core/aarch32/libarch__arm__core__aarch32.a(nmi.c.obj)
                0x0000000000003250                z_arm_nmi
 .text.memory_fault_recoverable
                0x000000000000325c        0x4 zephyr/arch/arch/arm/core/aarch32/cortex_m/libarch__arm__core__aarch32__cortex_m.a(fault.c.obj)
 .text.fault_handle
                0x0000000000003260       0x36 zephyr/arch/arch/arm/core/aarch32/cortex_m/libarch__arm__core__aarch32__cortex_m.a(fault.c.obj)
 .text.mpu_partition_is_valid
                0x0000000000003296       0x22 zephyr/arch/arch/arm/core/aarch32/cortex_m/mpu/libarch__arm__core__aarch32__cortex_m__mpu.a(arm_mpu.c.obj)
 .text.region_allocate_and_init
                0x00000000000032b8       0x16 zephyr/arch/arch/arm/core/aarch32/cortex_m/mpu/libarch__arm__core__aarch32__cortex_m__mpu.a(arm_mpu.c.obj)
 .text.mpu_configure_region
                0x00000000000032ce       0x3e zephyr/arch/arch/arm/core/aarch32/cortex_m/mpu/libarch__arm__core__aarch32__cortex_m__mpu.a(arm_mpu.c.obj)
 .text.mpu_configure_regions
                0x000000000000330c       0x4c zephyr/arch/arch/arm/core/aarch32/cortex_m/mpu/libarch__arm__core__aarch32__cortex_m__mpu.a(arm_mpu.c.obj)
 .text.arm_core_mpu_configure_static_mpu_regions
                0x0000000000003358        0x8 zephyr/arch/arch/arm/core/aarch32/cortex_m/mpu/libarch__arm__core__aarch32__cortex_m__mpu.a(arm_mpu.c.obj)
                0x0000000000003358                arm_core_mpu_configure_static_mpu_regions
 .text.strcpy   0x0000000000003360       0x12 zephyr/lib/libc/minimal/liblib__libc__minimal.a(string.c.obj)
                0x0000000000003360                strcpy
 .text.strcmp   0x0000000000003372       0x14 zephyr/lib/libc/minimal/liblib__libc__minimal.a(string.c.obj)
                0x0000000000003372                strcmp
 .text.memcpy   0x0000000000003386       0x48 zephyr/lib/libc/minimal/liblib__libc__minimal.a(string.c.obj)
                0x0000000000003386                memcpy
 .text.memset   0x00000000000033ce       0x3a zephyr/lib/libc/minimal/liblib__libc__minimal.a(string.c.obj)
                0x00000000000033ce                memset
 .text._stdout_hook_default
                0x0000000000003408        0x6 zephyr/lib/libc/minimal/liblib__libc__minimal.a(stdout_console.c.obj)
 .text.z_platform_init
                0x000000000000340e        0x8 zephyr/soc/arm/nordic_nrf/nrf52/libsoc__arm__nordic_nrf__nrf52.a(soc.c.obj)
                0x000000000000340e                z_platform_init
 .text.gpiote_pin_int_cfg
                0x0000000000003416       0xa8 zephyr/drivers/gpio/libdrivers__gpio.a(gpio_nrfx.c.obj)
 .text.gpio_nrfx_port_get_raw
                0x00000000000034be        0xe zephyr/drivers/gpio/libdrivers__gpio.a(gpio_nrfx.c.obj)
 .text.gpio_nrfx_port_set_masked_raw
                0x00000000000034cc       0x16 zephyr/drivers/gpio/libdrivers__gpio.a(gpio_nrfx.c.obj)
 .text.gpio_nrfx_port_set_bits_raw
                0x00000000000034e2        0xc zephyr/drivers/gpio/libdrivers__gpio.a(gpio_nrfx.c.obj)
 .text.gpio_nrfx_port_clear_bits_raw
                0x00000000000034ee        0xc zephyr/drivers/gpio/libdrivers__gpio.a(gpio_nrfx.c.obj)
 .text.gpio_nrfx_port_toggle_bits
                0x00000000000034fa       0x12 zephyr/drivers/gpio/libdrivers__gpio.a(gpio_nrfx.c.obj)
 .text.gpio_nrfx_pin_interrupt_configure
                0x000000000000350c       0xc0 zephyr/drivers/gpio/libdrivers__gpio.a(gpio_nrfx.c.obj)
 .text.gpio_nrfx_manage_callback
                0x00000000000035cc       0x64 zephyr/drivers/gpio/libdrivers__gpio.a(gpio_nrfx.c.obj)
 .text.gpio_nrfx_pin_manage_callback
                0x0000000000003630       0x22 zephyr/drivers/gpio/libdrivers__gpio.a(gpio_nrfx.c.obj)
 .text.gpio_nrfx_pin_enable_callback
                0x0000000000003652        0xa zephyr/drivers/gpio/libdrivers__gpio.a(gpio_nrfx.c.obj)
 .text.gpio_nrfx_pin_disable_callback
                0x000000000000365c        0xa zephyr/drivers/gpio/libdrivers__gpio.a(gpio_nrfx.c.obj)
 .text.cfg_level_pins
                0x0000000000003666       0x64 zephyr/drivers/gpio/libdrivers__gpio.a(gpio_nrfx.c.obj)
 .text.check_level_trigger_pins
                0x00000000000036ca       0x5c zephyr/drivers/gpio/libdrivers__gpio.a(gpio_nrfx.c.obj)
 .text.uart_nrfx_config_get
                0x0000000000003726       0x10 zephyr/drivers/serial/libdrivers__serial.a(uart_nrfx_uart.c.obj)
 .text.nrfx_busy_wait
                0x0000000000003736        0x8 modules/nordic/lib..__modules__hal__nordic.a(nrfx_glue.c.obj)
                0x0000000000003736                nrfx_busy_wait
 .text.arch_system_halt
                0x000000000000373e       0x12 zephyr/kernel/libkernel.a(fatal.c.obj)
                0x000000000000373e                arch_system_halt
 .text.k_sys_fatal_error_handler
                0x0000000000003750        0x6 zephyr/kernel/libkernel.a(fatal.c.obj)
                0x0000000000003750                k_sys_fatal_error_handler
 .text.z_fatal_error
                0x0000000000003756       0x34 zephyr/kernel/libkernel.a(fatal.c.obj)
                0x0000000000003756                z_fatal_error
 .text.sys_power_save_idle
                0x000000000000378a       0x22 zephyr/kernel/libkernel.a(idle.c.obj)
 .text.z_sys_power_save_idle_exit
                0x00000000000037ac        0x8 zephyr/kernel/libkernel.a(idle.c.obj)
                0x00000000000037ac                z_sys_power_save_idle_exit
 .text.idle     0x00000000000037b4       0x18 zephyr/kernel/libkernel.a(idle.c.obj)
                0x00000000000037b4                idle
 .text.new_prio_for_inheritance
                0x00000000000037cc       0x12 zephyr/kernel/libkernel.a(mutex.c.obj)
 .text.adjust_owner_prio
                0x00000000000037de       0x16 zephyr/kernel/libkernel.a(mutex.c.obj)
 .text.pended_on
                0x00000000000037f4        0x4 zephyr/kernel/libkernel.a(sched.c.obj)
 .text.z_is_t1_higher_prio_than_t2
                0x00000000000037f8       0x14 zephyr/kernel/libkernel.a(sched.c.obj)
                0x00000000000037f8                z_is_t1_higher_prio_than_t2
 .text.z_reschedule
                0x000000000000380c       0x26 zephyr/kernel/libkernel.a(sched.c.obj)
                0x000000000000380c                z_reschedule
 .text.z_reschedule_irqlock
                0x0000000000003832       0x1c zephyr/kernel/libkernel.a(sched.c.obj)
                0x0000000000003832                z_reschedule_irqlock
 .text.z_priq_dumb_best
                0x000000000000384e        0xe zephyr/kernel/libkernel.a(sched.c.obj)
                0x000000000000384e                z_priq_dumb_best
 .text.z_ready_thread
                0x000000000000385c       0x2c zephyr/kernel/libkernel.a(sched.c.obj)
                0x000000000000385c                z_ready_thread
 .text.z_thread_timeout
                0x0000000000003888       0x62 zephyr/kernel/libkernel.a(sched.c.obj)
                0x0000000000003888                z_thread_timeout
 .text.z_remove_thread_from_ready_q
                0x00000000000038ea       0x2c zephyr/kernel/libkernel.a(sched.c.obj)
                0x00000000000038ea                z_remove_thread_from_ready_q
 .text.add_to_waitq_locked
                0x0000000000003916       0x54 zephyr/kernel/libkernel.a(sched.c.obj)
 .text.pend     0x000000000000396a       0x42 zephyr/kernel/libkernel.a(sched.c.obj)
 .text.z_unpend_first_thread
                0x00000000000039ac       0x76 zephyr/kernel/libkernel.a(sched.c.obj)
                0x00000000000039ac                z_unpend_first_thread
 .text.k_is_in_isr
                0x0000000000003a22        0xc zephyr/kernel/libkernel.a(thread.c.obj)
                0x0000000000003a22                k_is_in_isr
 .text.z_impl_k_busy_wait
                0x0000000000003a2e        0x8 zephyr/kernel/libkernel.a(thread.c.obj)
                0x0000000000003a2e                z_impl_k_busy_wait
 .text.z_impl_k_thread_start
                0x0000000000003a36        0x8 zephyr/kernel/libkernel.a(thread.c.obj)
                0x0000000000003a36                z_impl_k_thread_start
 .text.z_init_thread_base
                0x0000000000003a3e       0x10 zephyr/kernel/libkernel.a(thread.c.obj)
                0x0000000000003a3e                z_init_thread_base
 .text.remove_timeout
                0x0000000000003a4e       0x24 zephyr/kernel/libkernel.a(timeout.c.obj)
 .text.z_abort_timeout
                0x0000000000003a72       0x3c zephyr/kernel/libkernel.a(timeout.c.obj)
                0x0000000000003a72                z_abort_timeout
 .text.z_get_next_timeout_expiry
                0x0000000000003aae       0x2c zephyr/kernel/libkernel.a(timeout.c.obj)
                0x0000000000003aae                z_get_next_timeout_expiry
 .text.z_set_timeout_expiry
                0x0000000000003ada       0x52 zephyr/kernel/libkernel.a(timeout.c.obj)
                0x0000000000003ada                z_set_timeout_expiry
 .text.z_tick_get_32
                0x0000000000003b2c        0x8 zephyr/kernel/libkernel.a(timeout.c.obj)
                0x0000000000003b2c                z_tick_get_32
 .text.k_heap_init
                0x0000000000003b34       0x10 zephyr/kernel/libkernel.a(kheap.c.obj)
                0x0000000000003b34                k_heap_init
 .text._OffsetAbsSyms
                0x0000000000003b44        0x2 zephyr/CMakeFiles/offsets.dir/arch/arm/core/offsets/offsets.c.obj
                0x0000000000003b44                _OffsetAbsSyms
 *(SORT_BY_ALIGNMENT(.gnu.linkonce.t.*))
 *(SORT_BY_ALIGNMENT(.glue_7t))
 .glue_7t       0x0000000000003b46        0x0 linker stubs
 *(SORT_BY_ALIGNMENT(.glue_7))
 .glue_7        0x0000000000003b46        0x0 linker stubs
 *(SORT_BY_ALIGNMENT(.vfp11_veneer))
 .vfp11_veneer  0x0000000000003b46        0x0 linker stubs
 *(SORT_BY_ALIGNMENT(.v4_bx))
 .v4_bx         0x0000000000003b46        0x0 linker stubs
                0x0000000000003b46                _image_text_end = .

.ARM.exidx      0x0000000000003b48        0x8
                0x0000000000003b48                __exidx_start = .
 *(SORT_BY_ALIGNMENT(.ARM.exidx*) SORT_BY_ALIGNMENT(gnu.linkonce.armexidx.*))
 .ARM.exidx     0x0000000000003b48        0x8 /opt/zephyr-sdk-0.11.3/arm-zephyr-eabi/bin/../lib/gcc/arm-zephyr-eabi/9.2.0/thumb/v7e-m/nofp/libgcc.a(_udivmoddi4.o)
                0x0000000000003b50                __exidx_end = .
                0x0000000000003b50                _image_rodata_start = .

initlevel       0x0000000000003b50       0x48
                0x0000000000003b50                __init_start = .
                0x0000000000003b50                __init_PRE_KERNEL_1_start = .
 *(SORT_BY_NAME(SORT_BY_ALIGNMENT(.init_PRE_KERNEL_1[0-9])))
 .init_PRE_KERNEL_10
                0x0000000000003b50        0x8 zephyr/soc/arm/nordic_nrf/nrf52/libsoc__arm__nordic_nrf__nrf52.a(soc.c.obj)
 *(SORT_BY_NAME(SORT_BY_ALIGNMENT(.init_PRE_KERNEL_1[1-9][0-9])))
 .init_PRE_KERNEL_130
                0x0000000000003b58        0x8 zephyr/libzephyr.a(SEGGER_RTT_zephyr.c.obj)
 .init_PRE_KERNEL_130
                0x0000000000003b60        0x8 zephyr/kernel/libkernel.a(kheap.c.obj)
 .init_PRE_KERNEL_140
                0x0000000000003b68        0x8 zephyr/libzephyr.a(rtt_console.c.obj)
 .init_PRE_KERNEL_140
                0x0000000000003b70        0x8 zephyr/arch/arch/arm/core/aarch32/cortex_m/mpu/libarch__arm__core__aarch32__cortex_m__mpu.a(arm_mpu.c.obj)
 .init_PRE_KERNEL_150
                0x0000000000003b78        0x8 zephyr/libzephyr.a(nrf_power_clock.c.obj)
 .init_PRE_KERNEL_150
                0x0000000000003b80        0x8 zephyr/drivers/serial/libdrivers__serial.a(uart_nrfx_uart.c.obj)
                0x0000000000003b88                __init_PRE_KERNEL_2_start = .
 *(SORT_BY_NAME(SORT_BY_ALIGNMENT(.init_PRE_KERNEL_2[0-9])))
 .init_PRE_KERNEL_20
                0x0000000000003b88        0x8 zephyr/libzephyr.a(sys_clock_init.c.obj)
 *(SORT_BY_NAME(SORT_BY_ALIGNMENT(.init_PRE_KERNEL_2[1-9][0-9])))
                0x0000000000003b90                __init_POST_KERNEL_start = .
 *(SORT_BY_NAME(SORT_BY_ALIGNMENT(.init_POST_KERNEL[0-9])))
 *(SORT_BY_NAME(SORT_BY_ALIGNMENT(.init_POST_KERNEL[1-9][0-9])))
 .init_POST_KERNEL40
                0x0000000000003b90        0x8 zephyr/drivers/gpio/libdrivers__gpio.a(gpio_nrfx.c.obj)
                0x0000000000003b98                __init_APPLICATION_start = .
 *(SORT_BY_NAME(SORT_BY_ALIGNMENT(.init_APPLICATION[0-9])))
 *(SORT_BY_NAME(SORT_BY_ALIGNMENT(.init_APPLICATION[1-9][0-9])))
                0x0000000000003b98                __init_SMP_start = .
 *(SORT_BY_NAME(SORT_BY_ALIGNMENT(.init_SMP[0-9])))
 *(SORT_BY_NAME(SORT_BY_ALIGNMENT(.init_SMP[1-9][0-9])))
                0x0000000000003b98                __init_end = .

sw_isr_table    0x0000000000003b98      0x138
                0x0000000000003b98                . = ALIGN (0x0)
 *(SORT_BY_ALIGNMENT(.gnu.linkonce.sw_isr_table))
 .gnu.linkonce.sw_isr_table
                0x0000000000003b98      0x138 zephyr/arch/common/libarch__common.a(isr_tables.c.obj)
                0x0000000000003b98                _sw_isr_table

initlevel_error
                0x0000000000003b50        0x0
 *(SORT_BY_NAME(SORT_BY_ALIGNMENT(.init_[_A-Z0-9]*)))
                0x0000000000000001                ASSERT ((SIZEOF (initlevel_error) == 0x0), Undefined initialization levels used.)

app_shmem_regions
                0x0000000000003cd0        0x0
                0x0000000000003cd0                __app_shmem_regions_start = .
 *(SORT_BY_NAME(SORT_BY_ALIGNMENT(.app_regions.*)))
                0x0000000000003cd0                __app_shmem_regions_end = .

net_l2          0x0000000000003cd0        0x0
                0x0000000000003cd0                __net_l2_start = .
 *(SORT_BY_ALIGNMENT(.net_l2.init))
 *(SORT_BY_NAME(SORT_BY_ALIGNMENT(.net_l2.init*)))
                0x0000000000003cd0                __net_l2_end = .

_bt_channels_area
                0x0000000000003cd0        0x0
                0x0000000000003cd0                _bt_l2cap_fixed_chan_list_start = .
 *(SORT_BY_NAME(SORT_BY_ALIGNMENT(._bt_l2cap_fixed_chan.static.*)))
                0x0000000000003cd0                _bt_l2cap_fixed_chan_list_end = .

_bt_services_area
                0x0000000000003cd0        0x0
                0x0000000000003cd0                _bt_gatt_service_static_list_start = .
 *(SORT_BY_NAME(SORT_BY_ALIGNMENT(._bt_gatt_service_static.static.*)))
                0x0000000000003cd0                _bt_gatt_service_static_list_end = .

log_const_sections
                0x0000000000003cd0        0x0
                0x0000000000003cd0                __log_const_start = .
 *(SORT_BY_NAME(SORT_BY_ALIGNMENT(.log_const_*)))
                0x0000000000003cd0                __log_const_end = .

log_backends_sections
                0x0000000000003cd0        0x0
                0x0000000000003cd0                __log_backends_start = .
 *(SORT_BY_ALIGNMENT(._log_backend.*))
                0x0000000000003cd0                __log_backends_end = .

shell_sections  0x0000000000003cd0        0x0
                0x0000000000003cd0                _shell_list_start = .
 *(SORT_BY_NAME(SORT_BY_ALIGNMENT(._shell.static.*)))
                0x0000000000003cd0                _shell_list_end = .

shell_root_cmds_sections
                0x0000000000003cd0        0x0
                0x0000000000003cd0                __shell_root_cmds_start = .
 *(SORT_BY_NAME(SORT_BY_ALIGNMENT(.shell_root_cmd_*)))
                0x0000000000003cd0                __shell_root_cmds_end = .

font_entry_sections
                0x0000000000003cd0        0x0
                0x0000000000003cd0                __font_entry_start = .
 *(SORT_BY_NAME(SORT_BY_ALIGNMENT(._cfb_font.*)))
                0x0000000000003cd0                __font_entry_end = .

tracing_backends_sections
                0x0000000000003cd0        0x0
                0x0000000000003cd0                _tracing_backend_list_start = .
 *(SORT_BY_ALIGNMENT(._tracing_backend.*))
                0x0000000000003cd0                _tracing_backend_list_end = .

rodata          0x0000000000003cd0      0x138
 *(SORT_BY_ALIGNMENT(.rodata))
 *(SORT_BY_ALIGNMENT(.rodata.*))
 .rodata.delay_machine_code.8787
                0x0000000000003cd0        0x6 zephyr/soc/arm/nordic_nrf/nrf52/libsoc__arm__nordic_nrf__nrf52.a(soc.c.obj)
 *fill*         0x0000000000003cd6        0x2 
 .rodata.main.str1.4
                0x0000000000003cd8        0x7 app/libapp.a(main.c.obj)
 *fill*         0x0000000000003cdf        0x1 
 .rodata.str1.4
                0x0000000000003ce0        0x6 zephyr/libzephyr.a(nrf_power_clock.c.obj)
 *fill*         0x0000000000003ce6        0x2 
 .rodata.clock_control_api
                0x0000000000003ce8       0x14 zephyr/libzephyr.a(nrf_power_clock.c.obj)
 .rodata.config
                0x0000000000003cfc        0x8 zephyr/libzephyr.a(nrf_power_clock.c.obj)
 .rodata.str1.4
                0x0000000000003d04        0xa zephyr/libzephyr.a(sys_clock_init.c.obj)
 .rodata.z_clock_driver_init.str1.4
                0x0000000000003d0e        0x6 zephyr/libzephyr.a(nrf_rtc_timer.c.obj)
 *fill*         0x0000000000003d0e        0x2 
 .rodata._DoInit.str1.4
                0x0000000000003d10       0x17 zephyr/libzephyr.a(SEGGER_RTT.c.obj)
 *fill*         0x0000000000003d27        0x1 
 .rodata.str1.4
                0x0000000000003d28        0xf zephyr/soc/arm/common/cortex_m/libsoc__arm__common__cortex_m.a(arm_mpu_regions.c.obj)
 *fill*         0x0000000000003d37        0x1 
 .rodata.mpu_config
                0x0000000000003d38        0x8 zephyr/soc/arm/common/cortex_m/libsoc__arm__common__cortex_m.a(arm_mpu_regions.c.obj)
                0x0000000000003d38                mpu_config
 .rodata.mpu_regions
                0x0000000000003d40       0x18 zephyr/soc/arm/common/cortex_m/libsoc__arm__common__cortex_m.a(arm_mpu_regions.c.obj)
 .rodata.str1.4
                0x0000000000003d58        0x7 zephyr/drivers/gpio/libdrivers__gpio.a(gpio_nrfx.c.obj)
 .rodata.gpio_nrfx_drv_api_funcs
                0x0000000000003d58       0x2c zephyr/drivers/gpio/libdrivers__gpio.a(gpio_nrfx.c.obj)
 .rodata.gpio_nrfx_p0_cfg
                0x0000000000003d84        0xc zephyr/drivers/gpio/libdrivers__gpio.a(gpio_nrfx.c.obj)
 .rodata.str1.4
                0x0000000000003d90        0x7 zephyr/drivers/serial/libdrivers__serial.a(uart_nrfx_uart.c.obj)
 *fill*         0x0000000000003d97        0x1 
 .rodata.uart_nrfx_uart0_config
                0x0000000000003d98        0x1 zephyr/drivers/serial/libdrivers__serial.a(uart_nrfx_uart.c.obj)
 *fill*         0x0000000000003d99        0x3 
 .rodata.uart_nrfx_uart_driver_api
                0x0000000000003d9c       0x14 zephyr/drivers/serial/libdrivers__serial.a(uart_nrfx_uart.c.obj)
 .rodata.levels.8560
                0x0000000000003db0       0x14 zephyr/kernel/libkernel.a(device.c.obj)
 .rodata._k_neg_eagain
                0x0000000000003dc4        0x4 zephyr/kernel/libkernel.a(errno.c.obj)
                0x0000000000003dc4                _k_neg_eagain
 .rodata.prepare_multithreading.str1.4
                0x0000000000003dc8        0x5 zephyr/kernel/libkernel.a(init.c.obj)
 *fill*         0x0000000000003dcd        0x3 
 .rodata.bg_thread_main.str1.4
                0x0000000000003dd0       0x38 zephyr/kernel/libkernel.a(init.c.obj)
                                         0x3b (size before relaxing)
 *(SORT_BY_ALIGNMENT(.gnu.linkonce.r.*))
                0x0000000000003e08                . = ALIGN (0x4)
                0x0000000000003e08                _image_rodata_end = .
                0x0000000000003e20                . = ALIGN (_region_min_align)
                0x0000000000004000                . = ALIGN ((0x1 << LOG2CEIL ((_image_rodata_end - _image_rom_start))))
                0x0000000000004000                _image_rom_end = .
                0x0000000020000000                . = 0x20000000
                0x0000000020000000                . = ALIGN (_region_min_align)
                0x0000000020000000                _image_ram_start = .

.ramfunc        0x0000000020000000        0x0 load address 0x0000000000003e08
                0x0000000020000000                . = ALIGN (_region_min_align)
                0x0000000020000000                . = ALIGN ((0x1 << LOG2CEIL (_ramfunc_ram_size)))
                0x0000000020000000                _ramfunc_ram_start = .
 *(SORT_BY_ALIGNMENT(.ramfunc))
 *(SORT_BY_ALIGNMENT(.ramfunc.*))
                0x0000000020000000                . = ALIGN (_region_min_align)
                0x0000000020000000                . = ALIGN ((0x1 << LOG2CEIL (_ramfunc_ram_size)))
                0x0000000020000000                _ramfunc_ram_end = .
                0x0000000000000000                _ramfunc_ram_size = (_ramfunc_ram_end - _ramfunc_ram_start)
                0x0000000000003e08                _ramfunc_rom_start = LOADADDR (.ramfunc)

datas           0x0000000020000000       0x1c load address 0x0000000000003e08
                0x0000000020000000                __data_ram_start = .
 *(SORT_BY_ALIGNMENT(.data))
 *(SORT_BY_ALIGNMENT(.data.*))
 .data._char_out
                0x0000000020000000        0x4 zephyr/libzephyr.a(printk.c.obj)
                0x0000000020000000                _char_out
 .data._stdout_hook
                0x0000000020000004        0x4 zephyr/lib/libc/minimal/liblib__libc__minimal.a(stdout_console.c.obj)
 .data.uart_nrfx_uart0_data
                0x0000000020000008        0x8 zephyr/drivers/serial/libdrivers__serial.a(uart_nrfx_uart.c.obj)
 .data.SystemCoreClock
                0x0000000020000010        0x4 modules/nordic/lib..__modules__hal__nordic.a(system_nrf52.c.obj)
                0x0000000020000010                SystemCoreClock
 .data.timeout_list
                0x0000000020000014        0x8 zephyr/kernel/libkernel.a(timeout.c.obj)
 *(SORT_BY_ALIGNMENT(.kernel.*))
                0x0000000000003e08                __data_rom_start = LOADADDR (datas)

devices         0x000000002000001c       0x40 load address 0x0000000000003e24
                0x000000002000001c                __device_start = .
                0x000000002000001c                __device_PRE_KERNEL_1_start = .
 *(SORT_BY_NAME(SORT_BY_ALIGNMENT(.device_PRE_KERNEL_1[0-9])))
 *(SORT_BY_NAME(SORT_BY_ALIGNMENT(.device_PRE_KERNEL_1[1-9][0-9])))
 .device_PRE_KERNEL_150
                0x000000002000001c       0x10 zephyr/libzephyr.a(nrf_power_clock.c.obj)
 .device_PRE_KERNEL_150
                0x000000002000002c       0x10 zephyr/drivers/serial/libdrivers__serial.a(uart_nrfx_uart.c.obj)
                0x000000002000003c                __device_PRE_KERNEL_2_start = .
 *(SORT_BY_NAME(SORT_BY_ALIGNMENT(.device_PRE_KERNEL_2[0-9])))
 .device_PRE_KERNEL_20
                0x000000002000003c       0x10 zephyr/libzephyr.a(sys_clock_init.c.obj)
 *(SORT_BY_NAME(SORT_BY_ALIGNMENT(.device_PRE_KERNEL_2[1-9][0-9])))
                0x000000002000004c                __device_POST_KERNEL_start = .
 *(SORT_BY_NAME(SORT_BY_ALIGNMENT(.device_POST_KERNEL[0-9])))
 *(SORT_BY_NAME(SORT_BY_ALIGNMENT(.device_POST_KERNEL[1-9][0-9])))
 .device_POST_KERNEL40
                0x000000002000004c       0x10 zephyr/drivers/gpio/libdrivers__gpio.a(gpio_nrfx.c.obj)
                0x000000002000005c                __device_APPLICATION_start = .
 *(SORT_BY_NAME(SORT_BY_ALIGNMENT(.device_APPLICATION[0-9])))
 *(SORT_BY_NAME(SORT_BY_ALIGNMENT(.device_APPLICATION[1-9][0-9])))
                0x000000002000005c                __device_SMP_start = .
 *(SORT_BY_NAME(SORT_BY_ALIGNMENT(.device_SMP[0-9])))
 *(SORT_BY_NAME(SORT_BY_ALIGNMENT(.device_SMP[1-9][0-9])))
                0x000000002000005c                __device_end = .

initshell       0x000000002000005c        0x0 load address 0x0000000000003e64
                0x000000002000005c                __shell_module_start = .
 *(SORT_BY_ALIGNMENT(.shell_module_*))
                0x000000002000005c                __shell_module_end = .
                0x000000002000005c                __shell_cmd_start = .
 *(SORT_BY_ALIGNMENT(.shell_cmd_*))
                0x000000002000005c                __shell_cmd_end = .

log_dynamic_sections
                0x000000002000005c        0x0 load address 0x0000000000003e64
                0x000000002000005c                __log_dynamic_start = .
 *(SORT_BY_NAME(SORT_BY_ALIGNMENT(.log_dynamic_*)))
                0x000000002000005c                __log_dynamic_end = .

_static_thread_area
                0x000000002000005c        0x0 load address 0x0000000000003e64
                0x000000002000005c                __static_thread_data_list_start = .
 *(SORT_BY_NAME(SORT_BY_ALIGNMENT(.__static_thread_data.static.*)))
                0x000000002000005c                __static_thread_data_list_end = .

_k_timer_area   0x000000002000005c        0x0 load address 0x0000000000003e64
                0x000000002000005c                _k_timer_list_start = .
 *(SORT_BY_ALIGNMENT(._k_timer.static.*))
                0x000000002000005c                _k_timer_list_end = .

_k_mem_slab_area
                0x000000002000005c        0x0 load address 0x0000000000003e64
                0x000000002000005c                _k_mem_slab_list_start = .
 *(SORT_BY_ALIGNMENT(._k_mem_slab.static.*))
                0x000000002000005c                _k_mem_slab_list_end = .

_k_mem_pool_area
                0x000000002000005c        0x0 load address 0x0000000000003e64
                0x000000002000005c                _k_mem_pool_list_start = .
 *(SORT_BY_ALIGNMENT(._k_mem_pool.static.*))
                0x000000002000005c                _k_mem_pool_list_end = .

_k_heap_area    0x000000002000005c        0x0 load address 0x0000000000003e64
                0x000000002000005c                _k_heap_list_start = .
 *(SORT_BY_ALIGNMENT(._k_heap.static.*))
                0x000000002000005c                _k_heap_list_end = .

_k_sem_area     0x000000002000005c        0x0 load address 0x0000000000003e64
                0x000000002000005c                _k_sem_list_start = .
 *(SORT_BY_ALIGNMENT(._k_sem.static.*))
 *(SORT_BY_ALIGNMENT(._sys_sem.static.*))
                0x000000002000005c                _k_sem_list_end = .

_k_mutex_area   0x000000002000005c       0x28 load address 0x0000000000003e64
                0x000000002000005c                _k_mutex_list_start = .
 *(SORT_BY_ALIGNMENT(._k_mutex.static.*))
 ._k_mutex.static.fdtable_lock
                0x000000002000005c       0x14 zephyr/libzephyr.a(fdtable.c.obj)
 ._k_mutex.static.rtt_term_mutex
                0x0000000020000070       0x14 zephyr/libzephyr.a(SEGGER_RTT_zephyr.c.obj)
                0x0000000020000070                rtt_term_mutex
                0x0000000020000084                _k_mutex_list_end = .

_k_queue_area   0x0000000020000084        0x0 load address 0x0000000000003e8c
                0x0000000020000084                _k_queue_list_start = .
 *(SORT_BY_ALIGNMENT(._k_queue.static.*))
 *(SORT_BY_ALIGNMENT(._k_fifo.static.*))
 *(SORT_BY_ALIGNMENT(._k_lifo.static.*))
                0x0000000020000084                _k_queue_list_end = .

_k_stack_area   0x0000000020000084        0x0 load address 0x0000000000003e8c
                0x0000000020000084                _k_stack_list_start = .
 *(SORT_BY_ALIGNMENT(._k_stack.static.*))
                0x0000000020000084                _k_stack_list_end = .

_k_msgq_area    0x0000000020000084        0x0 load address 0x0000000000003e8c
                0x0000000020000084                _k_msgq_list_start = .
 *(SORT_BY_ALIGNMENT(._k_msgq.static.*))
                0x0000000020000084                _k_msgq_list_end = .

_k_mbox_area    0x0000000020000084        0x0 load address 0x0000000000003e8c
                0x0000000020000084                _k_mbox_list_start = .
 *(SORT_BY_ALIGNMENT(._k_mbox.static.*))
                0x0000000020000084                _k_mbox_list_end = .

_k_pipe_area    0x0000000020000084        0x0 load address 0x0000000000003e8c
                0x0000000020000084                _k_pipe_list_start = .
 *(SORT_BY_ALIGNMENT(._k_pipe.static.*))
                0x0000000020000084                _k_pipe_list_end = .

_net_buf_pool_area
                0x0000000020000084        0x0 load address 0x0000000000003e8c
                0x0000000020000084                _net_buf_pool_list = .
 *(SORT_BY_NAME(SORT_BY_ALIGNMENT(._net_buf_pool.static.*)))

net_if          0x0000000020000084        0x0 load address 0x0000000000003e8c
                0x0000000020000084                __net_if_start = .
 *(SORT_BY_ALIGNMENT(.net_if.*))
 *(SORT_BY_NAME(SORT_BY_ALIGNMENT(.net_if.*)))
                0x0000000020000084                __net_if_end = .

net_if_dev      0x0000000020000084        0x0 load address 0x0000000000003e8c
                0x0000000020000084                __net_if_dev_start = .
 *(SORT_BY_ALIGNMENT(.net_if_dev.*))
 *(SORT_BY_NAME(SORT_BY_ALIGNMENT(.net_if_dev.*)))
                0x0000000020000084                __net_if_dev_end = .

net_l2_data     0x0000000020000084        0x0 load address 0x0000000000003e8c
                0x0000000020000084                __net_l2_data_start = .
 *(SORT_BY_ALIGNMENT(.net_l2.data))
 *(SORT_BY_NAME(SORT_BY_ALIGNMENT(.net_l2.data*)))
                0x0000000020000084                __net_l2_data_end = .
                0x0000000020000084                __data_ram_end = .

bss             0x0000000020000088      0x62d
                0x0000000020000088                . = ALIGN (0x4)
                0x0000000020000088                __bss_start = .
                0x0000000020000088                __kernel_ram_start = .
 *(SORT_BY_ALIGNMENT(.bss))
 *(SORT_BY_ALIGNMENT(.bss.*))
 .bss.curr_tick
                0x0000000020000088        0x8 zephyr/kernel/libkernel.a(timeout.c.obj)
 .bss.data      0x0000000020000090       0x18 zephyr/libzephyr.a(nrf_power_clock.c.obj)
 .bss.last_count
                0x00000000200000a8        0x4 zephyr/libzephyr.a(nrf_rtc_timer.c.obj)
 .bss._SEGGER_RTT
                0x00000000200000ac       0xa8 zephyr/libzephyr.a(SEGGER_RTT.c.obj)
                0x00000000200000ac                _SEGGER_RTT
 .bss._acDownBuffer
                0x0000000020000154       0x10 zephyr/libzephyr.a(SEGGER_RTT.c.obj)
 .bss._acUpBuffer
                0x0000000020000164      0x400 zephyr/libzephyr.a(SEGGER_RTT.c.obj)
 .bss.gpio_nrfx_p0_data
                0x0000000020000564       0x20 zephyr/drivers/gpio/libdrivers__gpio.a(gpio_nrfx.c.obj)
 .bss.poll_out_lock.9333
                0x0000000020000584        0x4 zephyr/drivers/serial/libdrivers__serial.a(uart_nrfx_uart.c.obj)
 .bss.z_idle_threads
                0x0000000020000588       0x74 zephyr/kernel/libkernel.a(init.c.obj)
                0x0000000020000588                z_idle_threads
 .bss.z_main_thread
                0x00000000200005fc       0x74 zephyr/kernel/libkernel.a(init.c.obj)
                0x00000000200005fc                z_main_thread
 .bss.lock      0x0000000020000670        0x0 zephyr/kernel/libkernel.a(mutex.c.obj)
 .bss._kernel   0x0000000020000670       0x30 zephyr/kernel/libkernel.a(sched.c.obj)
                0x0000000020000670                _kernel
 .bss.pending_current
                0x00000000200006a0        0x4 zephyr/kernel/libkernel.a(sched.c.obj)
 .bss.sched_spinlock
                0x00000000200006a4        0x0 zephyr/kernel/libkernel.a(sched.c.obj)
 .bss.slice_max_prio
                0x00000000200006a4        0x4 zephyr/kernel/libkernel.a(sched.c.obj)
 .bss.slice_time
                0x00000000200006a8        0x4 zephyr/kernel/libkernel.a(sched.c.obj)
 .bss.announce_remaining
                0x00000000200006ac        0x4 zephyr/kernel/libkernel.a(timeout.c.obj)
 .bss.host_present
                0x00000000200006b0        0x1 zephyr/libzephyr.a(rtt_console.c.obj)
 .bss.once.9482
                0x00000000200006b1        0x1 zephyr/libzephyr.a(nrf_power_clock.c.obj)
 .bss.static_regions_num
                0x00000000200006b2        0x1 zephyr/arch/arch/arm/core/aarch32/cortex_m/mpu/libarch__arm__core__aarch32__cortex_m__mpu.a(arm_mpu.c.obj)
 .bss.gpio_initialized.9574
                0x00000000200006b3        0x1 zephyr/drivers/gpio/libdrivers__gpio.a(gpio_nrfx.c.obj)
 .bss.z_sys_post_kernel
                0x00000000200006b4        0x1 zephyr/kernel/libkernel.a(init.c.obj)
                0x00000000200006b4                z_sys_post_kernel
 *(SORT_BY_ALIGNMENT(COMMON))
 *(SORT_BY_ALIGNMENT(.kernel_bss.*))
                0x00000000200006b8                __bss_end = ALIGN (0x4)

noinit          0x00000000200006b8      0xd40
 *(SORT_BY_ALIGNMENT(.noinit))
 *(SORT_BY_ALIGNMENT(.noinit.*))
 .noinit."WEST_TOPDIR/zephyr/kernel/init.c".2
                0x00000000200006b8      0x400 zephyr/kernel/libkernel.a(init.c.obj)
                0x00000000200006b8                z_main_stack
 .noinit."WEST_TOPDIR/zephyr/kernel/init.c".3
                0x0000000020000ab8      0x140 zephyr/kernel/libkernel.a(init.c.obj)
 .noinit."WEST_TOPDIR/zephyr/kernel/init.c".4
                0x0000000020000bf8      0x800 zephyr/kernel/libkernel.a(init.c.obj)
                0x0000000020000bf8                z_interrupt_stacks
 *(SORT_BY_ALIGNMENT(.kernel_noinit.*))
                0x00000000200013f8                _image_ram_end = .
                0x00000000200013f8                _end = .
                0x0000000020010000                __kernel_ram_end = 0x20010000
                0x000000000000ff78                __kernel_ram_size = (__kernel_ram_end - __kernel_ram_start)

.intList        0x0000000020010000       0x38
 *(SORT_BY_ALIGNMENT(.irq_info))
 .irq_info      0x0000000020010000        0x8 zephyr/arch/common/libarch__common.a(isr_tables.c.obj)
                0x0000000020010000                _iheader
 *(SORT_BY_ALIGNMENT(.intList))
 .intList       0x0000000020010008       0x10 zephyr/libzephyr.a(nrf_power_clock.c.obj)
 .intList       0x0000000020010018       0x10 zephyr/libzephyr.a(nrf_rtc_timer.c.obj)
 .intList       0x0000000020010028       0x10 zephyr/drivers/gpio/libdrivers__gpio.a(gpio_nrfx.c.obj)

.stab
 *(SORT_BY_ALIGNMENT(.stab))

.stabstr
 *(SORT_BY_ALIGNMENT(.stabstr))

.stab.excl
 *(SORT_BY_ALIGNMENT(.stab.excl))

.stab.exclstr
 *(SORT_BY_ALIGNMENT(.stab.exclstr))

.stab.index
 *(SORT_BY_ALIGNMENT(.stab.index))

.stab.indexstr
 *(SORT_BY_ALIGNMENT(.stab.indexstr))

.gnu.build.attributes
 *(SORT_BY_ALIGNMENT(.gnu.build.attributes) SORT_BY_ALIGNMENT(.gnu.build.attributes.*))

.comment        0x0000000000000000       0x32
 *(SORT_BY_ALIGNMENT(.comment))
 .comment       0x0000000000000000       0x32 app/libapp.a(main.c.obj)
                                         0x33 (size before relaxing)
 .comment       0x0000000000000032       0x33 zephyr/libzephyr.a(fdtable.c.obj)
 .comment       0x0000000000000032       0x33 zephyr/libzephyr.a(printk.c.obj)
 .comment       0x0000000000000032       0x33 zephyr/libzephyr.a(thread_entry.c.obj)
 .comment       0x0000000000000032       0x33 zephyr/libzephyr.a(heap.c.obj)
 .comment       0x0000000000000032       0x33 zephyr/libzephyr.a(configs.c.obj)
 .comment       0x0000000000000032       0x33 zephyr/libzephyr.a(rtt_console.c.obj)
 .comment       0x0000000000000032       0x33 zephyr/libzephyr.a(nrf_power_clock.c.obj)
 .comment       0x0000000000000032       0x33 zephyr/libzephyr.a(sys_clock_init.c.obj)
 .comment       0x0000000000000032       0x33 zephyr/libzephyr.a(nrf_rtc_timer.c.obj)
 .comment       0x0000000000000032       0x33 zephyr/libzephyr.a(SEGGER_RTT.c.obj)
 .comment       0x0000000000000032       0x33 zephyr/libzephyr.a(SEGGER_RTT_zephyr.c.obj)
 .comment       0x0000000000000032       0x33 zephyr/arch/common/libarch__common.a(isr_tables.c.obj)
 .comment       0x0000000000000032       0x33 zephyr/arch/arch/arm/core/aarch32/libarch__arm__core__aarch32.a(swap.c.obj)
 .comment       0x0000000000000032       0x33 zephyr/arch/arch/arm/core/aarch32/libarch__arm__core__aarch32.a(irq_manage.c.obj)
 .comment       0x0000000000000032       0x33 zephyr/arch/arch/arm/core/aarch32/libarch__arm__core__aarch32.a(thread.c.obj)
 .comment       0x0000000000000032       0x33 zephyr/arch/arch/arm/core/aarch32/libarch__arm__core__aarch32.a(fatal.c.obj)
 .comment       0x0000000000000032       0x33 zephyr/arch/arch/arm/core/aarch32/libarch__arm__core__aarch32.a(nmi.c.obj)
 .comment       0x0000000000000032       0x33 zephyr/arch/arch/arm/core/aarch32/libarch__arm__core__aarch32.a(prep_c.c.obj)
 .comment       0x0000000000000032       0x33 zephyr/arch/arch/arm/core/aarch32/cortex_m/libarch__arm__core__aarch32__cortex_m.a(fault.c.obj)
 .comment       0x0000000000000032       0x33 zephyr/arch/arch/arm/core/aarch32/cortex_m/libarch__arm__core__aarch32__cortex_m.a(irq_init.c.obj)
 .comment       0x0000000000000032       0x33 zephyr/arch/arch/arm/core/aarch32/cortex_m/libarch__arm__core__aarch32__cortex_m.a(thread_abort.c.obj)
 .comment       0x0000000000000032       0x33 zephyr/arch/arch/arm/core/aarch32/cortex_m/mpu/libarch__arm__core__aarch32__cortex_m__mpu.a(arm_core_mpu.c.obj)
 .comment       0x0000000000000032       0x33 zephyr/arch/arch/arm/core/aarch32/cortex_m/mpu/libarch__arm__core__aarch32__cortex_m__mpu.a(arm_mpu.c.obj)
 .comment       0x0000000000000032       0x33 zephyr/lib/libc/minimal/liblib__libc__minimal.a(string.c.obj)
 .comment       0x0000000000000032       0x33 zephyr/lib/libc/minimal/liblib__libc__minimal.a(stdout_console.c.obj)
 .comment       0x0000000000000032       0x33 zephyr/soc/arm/common/cortex_m/libsoc__arm__common__cortex_m.a(arm_mpu_regions.c.obj)
 .comment       0x0000000000000032       0x33 zephyr/soc/arm/nordic_nrf/nrf52/libsoc__arm__nordic_nrf__nrf52.a(soc.c.obj)
 .comment       0x0000000000000032       0x33 zephyr/drivers/gpio/libdrivers__gpio.a(gpio_nrfx.c.obj)
 .comment       0x0000000000000032       0x33 zephyr/drivers/serial/libdrivers__serial.a(uart_nrfx_uart.c.obj)
 .comment       0x0000000000000032       0x33 modules/nordic/lib..__modules__hal__nordic.a(system_nrf52.c.obj)
 .comment       0x0000000000000032       0x33 modules/nordic/lib..__modules__hal__nordic.a(nrfx_glue.c.obj)
 .comment       0x0000000000000032       0x33 zephyr/kernel/libkernel.a(device.c.obj)
 .comment       0x0000000000000032       0x33 zephyr/kernel/libkernel.a(errno.c.obj)
 .comment       0x0000000000000032       0x33 zephyr/kernel/libkernel.a(fatal.c.obj)
 .comment       0x0000000000000032       0x33 zephyr/kernel/libkernel.a(idle.c.obj)
 .comment       0x0000000000000032       0x33 zephyr/kernel/libkernel.a(init.c.obj)
 .comment       0x0000000000000032       0x33 zephyr/kernel/libkernel.a(mutex.c.obj)
 .comment       0x0000000000000032       0x33 zephyr/kernel/libkernel.a(sched.c.obj)
 .comment       0x0000000000000032       0x33 zephyr/kernel/libkernel.a(thread.c.obj)
 .comment       0x0000000000000032       0x33 zephyr/kernel/libkernel.a(timeout.c.obj)
 .comment       0x0000000000000032       0x33 zephyr/kernel/libkernel.a(kheap.c.obj)
 .comment       0x0000000000000032       0x33 zephyr/CMakeFiles/offsets.dir/arch/arm/core/offsets/offsets.c.obj

.debug
 *(SORT_BY_ALIGNMENT(.debug))

.line
 *(SORT_BY_ALIGNMENT(.line))

.debug_srcinfo
 *(SORT_BY_ALIGNMENT(.debug_srcinfo))

.debug_sfnames
 *(SORT_BY_ALIGNMENT(.debug_sfnames))

.debug_aranges  0x0000000000000000      0xf88
 *(SORT_BY_ALIGNMENT(.debug_aranges))
 .debug_aranges
                0x0000000000000000       0x28 zephyr/arch/arch/arm/core/aarch32/libarch__arm__core__aarch32.a(swap_helper.S.obj)
 .debug_aranges
                0x0000000000000028       0x30 zephyr/arch/arch/arm/core/aarch32/libarch__arm__core__aarch32.a(cpu_idle.S.obj)
 .debug_aranges
                0x0000000000000058       0x20 zephyr/arch/arch/arm/core/aarch32/libarch__arm__core__aarch32.a(nmi_on_reset.S.obj)
 .debug_aranges
                0x0000000000000078       0x20 zephyr/arch/arch/arm/core/aarch32/libarch__arm__core__aarch32.a(isr_wrapper.S.obj)
 .debug_aranges
                0x0000000000000098       0x20 zephyr/arch/arch/arm/core/aarch32/cortex_m/libarch__arm__core__aarch32__cortex_m.a(reset.S.obj)
 .debug_aranges
                0x00000000000000b8       0x20 zephyr/arch/arch/arm/core/aarch32/cortex_m/libarch__arm__core__aarch32__cortex_m.a(fault_s.S.obj)
 .debug_aranges
                0x00000000000000d8       0x20 zephyr/arch/arch/arm/core/aarch32/cortex_m/libarch__arm__core__aarch32__cortex_m.a(exc_exit.S.obj)
 .debug_aranges
                0x00000000000000f8       0x20 app/libapp.a(main.c.obj)
 .debug_aranges
                0x0000000000000118       0x58 zephyr/libzephyr.a(fdtable.c.obj)
 .debug_aranges
                0x0000000000000170       0x88 zephyr/libzephyr.a(printk.c.obj)
 .debug_aranges
                0x00000000000001f8       0x20 zephyr/libzephyr.a(thread_entry.c.obj)
 .debug_aranges
                0x0000000000000218       0x58 zephyr/libzephyr.a(heap.c.obj)
 .debug_aranges
                0x0000000000000270       0x20 zephyr/libzephyr.a(configs.c.obj)
 .debug_aranges
                0x0000000000000290       0x30 zephyr/libzephyr.a(rtt_console.c.obj)
 .debug_aranges
                0x00000000000002c0       0x90 zephyr/libzephyr.a(nrf_power_clock.c.obj)
 .debug_aranges
                0x0000000000000350       0x48 zephyr/libzephyr.a(sys_clock_init.c.obj)
 .debug_aranges
                0x0000000000000398       0xa0 zephyr/libzephyr.a(nrf_rtc_timer.c.obj)
 .debug_aranges
                0x0000000000000438      0x110 zephyr/libzephyr.a(SEGGER_RTT.c.obj)
 .debug_aranges
                0x0000000000000548       0x20 zephyr/libzephyr.a(SEGGER_RTT_zephyr.c.obj)
 .debug_aranges
                0x0000000000000568       0x18 zephyr/arch/common/libarch__common.a(isr_tables.c.obj)
 .debug_aranges
                0x0000000000000580       0x20 zephyr/arch/arch/arm/core/aarch32/libarch__arm__core__aarch32.a(swap.c.obj)
 .debug_aranges
                0x00000000000005a0       0x48 zephyr/arch/arch/arm/core/aarch32/libarch__arm__core__aarch32.a(irq_manage.c.obj)
 .debug_aranges
                0x00000000000005e8       0x28 zephyr/arch/arch/arm/core/aarch32/libarch__arm__core__aarch32.a(thread.c.obj)
 .debug_aranges
                0x0000000000000610       0x30 zephyr/arch/arch/arm/core/aarch32/libarch__arm__core__aarch32.a(fatal.c.obj)
 .debug_aranges
                0x0000000000000640       0x20 zephyr/arch/arch/arm/core/aarch32/libarch__arm__core__aarch32.a(nmi.c.obj)
 .debug_aranges
                0x0000000000000660       0x20 zephyr/arch/arch/arm/core/aarch32/libarch__arm__core__aarch32.a(prep_c.c.obj)
 .debug_aranges
                0x0000000000000680       0x58 zephyr/arch/arch/arm/core/aarch32/cortex_m/libarch__arm__core__aarch32__cortex_m.a(fault.c.obj)
 .debug_aranges
                0x00000000000006d8       0x20 zephyr/arch/arch/arm/core/aarch32/cortex_m/libarch__arm__core__aarch32__cortex_m.a(irq_init.c.obj)
 .debug_aranges
                0x00000000000006f8       0x20 zephyr/arch/arch/arm/core/aarch32/cortex_m/libarch__arm__core__aarch32__cortex_m.a(thread_abort.c.obj)
 .debug_aranges
                0x0000000000000718       0x28 zephyr/arch/arch/arm/core/aarch32/cortex_m/mpu/libarch__arm__core__aarch32__cortex_m__mpu.a(arm_core_mpu.c.obj)
 .debug_aranges
                0x0000000000000740       0x78 zephyr/arch/arch/arm/core/aarch32/cortex_m/mpu/libarch__arm__core__aarch32__cortex_m__mpu.a(arm_mpu.c.obj)
 .debug_aranges
                0x00000000000007b8       0x90 zephyr/lib/libc/minimal/liblib__libc__minimal.a(string.c.obj)
 .debug_aranges
                0x0000000000000848       0x58 zephyr/lib/libc/minimal/liblib__libc__minimal.a(stdout_console.c.obj)
 .debug_aranges
                0x00000000000008a0       0x18 zephyr/soc/arm/common/cortex_m/libsoc__arm__common__cortex_m.a(arm_mpu_regions.c.obj)
 .debug_aranges
                0x00000000000008b8       0x38 zephyr/soc/arm/nordic_nrf/nrf52/libsoc__arm__nordic_nrf__nrf52.a(soc.c.obj)
 .debug_aranges
                0x00000000000008f0       0xa8 zephyr/drivers/gpio/libdrivers__gpio.a(gpio_nrfx.c.obj)
 .debug_aranges
                0x0000000000000998       0x60 zephyr/drivers/serial/libdrivers__serial.a(uart_nrfx_uart.c.obj)
 .debug_aranges
                0x00000000000009f8       0x80 modules/nordic/lib..__modules__hal__nordic.a(system_nrf52.c.obj)
 .debug_aranges
                0x0000000000000a78       0x30 modules/nordic/lib..__modules__hal__nordic.a(nrfx_glue.c.obj)
 .debug_aranges
                0x0000000000000aa8       0x38 zephyr/kernel/libkernel.a(device.c.obj)
 .debug_aranges
                0x0000000000000ae0       0x20 zephyr/kernel/libkernel.a(errno.c.obj)
 .debug_aranges
                0x0000000000000b00       0x38 zephyr/kernel/libkernel.a(fatal.c.obj)
 .debug_aranges
                0x0000000000000b38       0x38 zephyr/kernel/libkernel.a(idle.c.obj)
 .debug_aranges
                0x0000000000000b70       0x58 zephyr/kernel/libkernel.a(init.c.obj)
 .debug_aranges
                0x0000000000000bc8       0x40 zephyr/kernel/libkernel.a(mutex.c.obj)
 .debug_aranges
                0x0000000000000c08      0x1c8 zephyr/kernel/libkernel.a(sched.c.obj)
 .debug_aranges
                0x0000000000000dd0       0xb0 zephyr/kernel/libkernel.a(thread.c.obj)
 .debug_aranges
                0x0000000000000e80       0xa0 zephyr/kernel/libkernel.a(timeout.c.obj)
 .debug_aranges
                0x0000000000000f20       0x48 zephyr/kernel/libkernel.a(kheap.c.obj)
 .debug_aranges
                0x0000000000000f68       0x20 zephyr/CMakeFiles/offsets.dir/arch/arm/core/offsets/offsets.c.obj

.debug_pubnames
 *(SORT_BY_ALIGNMENT(.debug_pubnames))

.debug_info     0x0000000000000000    0x31088
 *(SORT_BY_ALIGNMENT(.debug_info) SORT_BY_ALIGNMENT(.gnu.linkonce.wi.*))
 .debug_info    0x0000000000000000     0x133d app/libapp.a(main.c.obj)
 .debug_info    0x000000000000133d      0xe21 zephyr/libzephyr.a(fdtable.c.obj)
 .debug_info    0x000000000000215e     0x1390 zephyr/libzephyr.a(printk.c.obj)
 .debug_info    0x00000000000034ee      0x930 zephyr/libzephyr.a(thread_entry.c.obj)
 .debug_info    0x0000000000003e1e     0x278b zephyr/libzephyr.a(heap.c.obj)
 .debug_info    0x00000000000065a9       0x38 zephyr/libzephyr.a(configs.c.obj)
 .debug_info    0x00000000000065e1      0xe47 zephyr/libzephyr.a(rtt_console.c.obj)
 .debug_info    0x0000000000007428     0x2291 zephyr/libzephyr.a(nrf_power_clock.c.obj)
 .debug_info    0x00000000000096b9      0xa4a zephyr/libzephyr.a(sys_clock_init.c.obj)
 .debug_info    0x000000000000a103     0x1cdc zephyr/libzephyr.a(nrf_rtc_timer.c.obj)
 .debug_info    0x000000000000bddf     0x230a zephyr/libzephyr.a(SEGGER_RTT.c.obj)
 .debug_info    0x000000000000e0e9      0xab7 zephyr/libzephyr.a(SEGGER_RTT_zephyr.c.obj)
 .debug_info    0x000000000000eba0      0x214 zephyr/arch/common/libarch__common.a(isr_tables.c.obj)
 .debug_info    0x000000000000edb4      0xa94 zephyr/arch/arch/arm/core/aarch32/libarch__arm__core__aarch32.a(swap.c.obj)
 .debug_info    0x000000000000f848       0x22 zephyr/arch/arch/arm/core/aarch32/libarch__arm__core__aarch32.a(swap_helper.S.obj)
 .debug_info    0x000000000000f86a      0xecb zephyr/arch/arch/arm/core/aarch32/libarch__arm__core__aarch32.a(irq_manage.c.obj)
 .debug_info    0x0000000000010735      0xc02 zephyr/arch/arch/arm/core/aarch32/libarch__arm__core__aarch32.a(thread.c.obj)
 .debug_info    0x0000000000011337       0x22 zephyr/arch/arch/arm/core/aarch32/libarch__arm__core__aarch32.a(cpu_idle.S.obj)
 .debug_info    0x0000000000011359      0xcfb zephyr/arch/arch/arm/core/aarch32/libarch__arm__core__aarch32.a(fatal.c.obj)
 .debug_info    0x0000000000012054      0x829 zephyr/arch/arch/arm/core/aarch32/libarch__arm__core__aarch32.a(nmi.c.obj)
 .debug_info    0x000000000001287d       0x26 zephyr/arch/arch/arm/core/aarch32/libarch__arm__core__aarch32.a(nmi_on_reset.S.obj)
 .debug_info    0x00000000000128a3      0xd1b zephyr/arch/arch/arm/core/aarch32/libarch__arm__core__aarch32.a(prep_c.c.obj)
 .debug_info    0x00000000000135be       0x26 zephyr/arch/arch/arm/core/aarch32/libarch__arm__core__aarch32.a(isr_wrapper.S.obj)
 .debug_info    0x00000000000135e4       0x26 zephyr/arch/arch/arm/core/aarch32/cortex_m/libarch__arm__core__aarch32__cortex_m.a(reset.S.obj)
 .debug_info    0x000000000001360a       0x26 zephyr/arch/arch/arm/core/aarch32/cortex_m/libarch__arm__core__aarch32__cortex_m.a(fault_s.S.obj)
 .debug_info    0x0000000000013630     0x170b zephyr/arch/arch/arm/core/aarch32/cortex_m/libarch__arm__core__aarch32__cortex_m.a(fault.c.obj)
 .debug_info    0x0000000000014d3b       0x26 zephyr/arch/arch/arm/core/aarch32/cortex_m/libarch__arm__core__aarch32__cortex_m.a(exc_exit.S.obj)
 .debug_info    0x0000000000014d61      0x661 zephyr/arch/arch/arm/core/aarch32/cortex_m/libarch__arm__core__aarch32__cortex_m.a(irq_init.c.obj)
 .debug_info    0x00000000000153c2      0xb6b zephyr/arch/arch/arm/core/aarch32/cortex_m/libarch__arm__core__aarch32__cortex_m.a(thread_abort.c.obj)
 .debug_info    0x0000000000015f2d      0xbce zephyr/arch/arch/arm/core/aarch32/cortex_m/mpu/libarch__arm__core__aarch32__cortex_m__mpu.a(arm_core_mpu.c.obj)
 .debug_info    0x0000000000016afb     0x144c zephyr/arch/arch/arm/core/aarch32/cortex_m/mpu/libarch__arm__core__aarch32__cortex_m__mpu.a(arm_mpu.c.obj)
 .debug_info    0x0000000000017f47      0x709 zephyr/lib/libc/minimal/liblib__libc__minimal.a(string.c.obj)
 .debug_info    0x0000000000018650      0x508 zephyr/lib/libc/minimal/liblib__libc__minimal.a(stdout_console.c.obj)
 .debug_info    0x0000000000018b58      0x1eb zephyr/soc/arm/common/cortex_m/libsoc__arm__common__cortex_m.a(arm_mpu_regions.c.obj)
 .debug_info    0x0000000000018d43     0x130f zephyr/soc/arm/nordic_nrf/nrf52/libsoc__arm__nordic_nrf__nrf52.a(soc.c.obj)
 .debug_info    0x000000000001a052     0x3324 zephyr/drivers/gpio/libdrivers__gpio.a(gpio_nrfx.c.obj)
 .debug_info    0x000000000001d376     0x225d zephyr/drivers/serial/libdrivers__serial.a(uart_nrfx_uart.c.obj)
 .debug_info    0x000000000001f5d3     0x13ea modules/nordic/lib..__modules__hal__nordic.a(system_nrf52.c.obj)
 .debug_info    0x00000000000209bd      0x987 modules/nordic/lib..__modules__hal__nordic.a(nrfx_glue.c.obj)
 .debug_info    0x0000000000021344      0xa63 zephyr/kernel/libkernel.a(device.c.obj)
 .debug_info    0x0000000000021da7      0x885 zephyr/kernel/libkernel.a(errno.c.obj)
 .debug_info    0x000000000002262c     0x13a6 zephyr/kernel/libkernel.a(fatal.c.obj)
 .debug_info    0x00000000000239d2      0xa23 zephyr/kernel/libkernel.a(idle.c.obj)
 .debug_info    0x00000000000243f5     0x1c1e zephyr/kernel/libkernel.a(init.c.obj)
 .debug_info    0x0000000000026013     0x11b2 zephyr/kernel/libkernel.a(mutex.c.obj)
 .debug_info    0x00000000000271c5     0x57f4 zephyr/kernel/libkernel.a(sched.c.obj)
 .debug_info    0x000000000002c9b9     0x14d4 zephyr/kernel/libkernel.a(thread.c.obj)
 .debug_info    0x000000000002de8d     0x19aa zephyr/kernel/libkernel.a(timeout.c.obj)
 .debug_info    0x000000000002f837     0x1018 zephyr/kernel/libkernel.a(kheap.c.obj)
 .debug_info    0x000000000003084f      0x839 zephyr/CMakeFiles/offsets.dir/arch/arm/core/offsets/offsets.c.obj

.debug_abbrev   0x0000000000000000     0x8b6f
 *(SORT_BY_ALIGNMENT(.debug_abbrev))
 .debug_abbrev  0x0000000000000000      0x3b8 app/libapp.a(main.c.obj)
 .debug_abbrev  0x00000000000003b8      0x39d zephyr/libzephyr.a(fdtable.c.obj)
 .debug_abbrev  0x0000000000000755      0x46b zephyr/libzephyr.a(printk.c.obj)
 .debug_abbrev  0x0000000000000bc0      0x267 zephyr/libzephyr.a(thread_entry.c.obj)
 .debug_abbrev  0x0000000000000e27      0x397 zephyr/libzephyr.a(heap.c.obj)
 .debug_abbrev  0x00000000000011be       0x2e zephyr/libzephyr.a(configs.c.obj)
 .debug_abbrev  0x00000000000011ec      0x3a1 zephyr/libzephyr.a(rtt_console.c.obj)
 .debug_abbrev  0x000000000000158d      0x5b6 zephyr/libzephyr.a(nrf_power_clock.c.obj)
 .debug_abbrev  0x0000000000001b43      0x268 zephyr/libzephyr.a(sys_clock_init.c.obj)
 .debug_abbrev  0x0000000000001dab      0x520 zephyr/libzephyr.a(nrf_rtc_timer.c.obj)
 .debug_abbrev  0x00000000000022cb      0x379 zephyr/libzephyr.a(SEGGER_RTT.c.obj)
 .debug_abbrev  0x0000000000002644      0x21c zephyr/libzephyr.a(SEGGER_RTT_zephyr.c.obj)
 .debug_abbrev  0x0000000000002860       0xf5 zephyr/arch/common/libarch__common.a(isr_tables.c.obj)
 .debug_abbrev  0x0000000000002955      0x235 zephyr/arch/arch/arm/core/aarch32/libarch__arm__core__aarch32.a(swap.c.obj)
 .debug_abbrev  0x0000000000002b8a       0x12 zephyr/arch/arch/arm/core/aarch32/libarch__arm__core__aarch32.a(swap_helper.S.obj)
 .debug_abbrev  0x0000000000002b9c      0x359 zephyr/arch/arch/arm/core/aarch32/libarch__arm__core__aarch32.a(irq_manage.c.obj)
 .debug_abbrev  0x0000000000002ef5      0x2e0 zephyr/arch/arch/arm/core/aarch32/libarch__arm__core__aarch32.a(thread.c.obj)
 .debug_abbrev  0x00000000000031d5       0x12 zephyr/arch/arch/arm/core/aarch32/libarch__arm__core__aarch32.a(cpu_idle.S.obj)
 .debug_abbrev  0x00000000000031e7      0x309 zephyr/arch/arch/arm/core/aarch32/libarch__arm__core__aarch32.a(fatal.c.obj)
 .debug_abbrev  0x00000000000034f0      0x1bc zephyr/arch/arch/arm/core/aarch32/libarch__arm__core__aarch32.a(nmi.c.obj)
 .debug_abbrev  0x00000000000036ac       0x14 zephyr/arch/arch/arm/core/aarch32/libarch__arm__core__aarch32.a(nmi_on_reset.S.obj)
 .debug_abbrev  0x00000000000036c0      0x2bf zephyr/arch/arch/arm/core/aarch32/libarch__arm__core__aarch32.a(prep_c.c.obj)
 .debug_abbrev  0x000000000000397f       0x14 zephyr/arch/arch/arm/core/aarch32/libarch__arm__core__aarch32.a(isr_wrapper.S.obj)
 .debug_abbrev  0x0000000000003993       0x14 zephyr/arch/arch/arm/core/aarch32/cortex_m/libarch__arm__core__aarch32__cortex_m.a(reset.S.obj)
 .debug_abbrev  0x00000000000039a7       0x14 zephyr/arch/arch/arm/core/aarch32/cortex_m/libarch__arm__core__aarch32__cortex_m.a(fault_s.S.obj)
 .debug_abbrev  0x00000000000039bb      0x4aa zephyr/arch/arch/arm/core/aarch32/cortex_m/libarch__arm__core__aarch32__cortex_m.a(fault.c.obj)
 .debug_abbrev  0x0000000000003e65       0x14 zephyr/arch/arch/arm/core/aarch32/cortex_m/libarch__arm__core__aarch32__cortex_m.a(exc_exit.S.obj)
 .debug_abbrev  0x0000000000003e79      0x1e6 zephyr/arch/arch/arm/core/aarch32/cortex_m/libarch__arm__core__aarch32__cortex_m.a(irq_init.c.obj)
 .debug_abbrev  0x000000000000405f      0x2a6 zephyr/arch/arch/arm/core/aarch32/cortex_m/libarch__arm__core__aarch32__cortex_m.a(thread_abort.c.obj)
 .debug_abbrev  0x0000000000004305      0x207 zephyr/arch/arch/arm/core/aarch32/cortex_m/mpu/libarch__arm__core__aarch32__cortex_m__mpu.a(arm_core_mpu.c.obj)
 .debug_abbrev  0x000000000000450c      0x477 zephyr/arch/arch/arm/core/aarch32/cortex_m/mpu/libarch__arm__core__aarch32__cortex_m__mpu.a(arm_mpu.c.obj)
 .debug_abbrev  0x0000000000004983      0x193 zephyr/lib/libc/minimal/liblib__libc__minimal.a(string.c.obj)
 .debug_abbrev  0x0000000000004b16      0x1dd zephyr/lib/libc/minimal/liblib__libc__minimal.a(stdout_console.c.obj)
 .debug_abbrev  0x0000000000004cf3       0xf3 zephyr/soc/arm/common/cortex_m/libsoc__arm__common__cortex_m.a(arm_mpu_regions.c.obj)
 .debug_abbrev  0x0000000000004de6      0x40f zephyr/soc/arm/nordic_nrf/nrf52/libsoc__arm__nordic_nrf__nrf52.a(soc.c.obj)
 .debug_abbrev  0x00000000000051f5      0x587 zephyr/drivers/gpio/libdrivers__gpio.a(gpio_nrfx.c.obj)
 .debug_abbrev  0x000000000000577c      0x537 zephyr/drivers/serial/libdrivers__serial.a(uart_nrfx_uart.c.obj)
 .debug_abbrev  0x0000000000005cb3      0x21b modules/nordic/lib..__modules__hal__nordic.a(system_nrf52.c.obj)
 .debug_abbrev  0x0000000000005ece      0x266 modules/nordic/lib..__modules__hal__nordic.a(nrfx_glue.c.obj)
 .debug_abbrev  0x0000000000006134      0x288 zephyr/kernel/libkernel.a(device.c.obj)
 .debug_abbrev  0x00000000000063bc      0x1cf zephyr/kernel/libkernel.a(errno.c.obj)
 .debug_abbrev  0x000000000000658b      0x3fe zephyr/kernel/libkernel.a(fatal.c.obj)
 .debug_abbrev  0x0000000000006989      0x2b4 zephyr/kernel/libkernel.a(idle.c.obj)
 .debug_abbrev  0x0000000000006c3d      0x5cd zephyr/kernel/libkernel.a(init.c.obj)
 .debug_abbrev  0x000000000000720a      0x3f8 zephyr/kernel/libkernel.a(mutex.c.obj)
 .debug_abbrev  0x0000000000007602      0x673 zephyr/kernel/libkernel.a(sched.c.obj)
 .debug_abbrev  0x0000000000007c75      0x4f6 zephyr/kernel/libkernel.a(thread.c.obj)
 .debug_abbrev  0x000000000000816b      0x4b1 zephyr/kernel/libkernel.a(timeout.c.obj)
 .debug_abbrev  0x000000000000861c      0x398 zephyr/kernel/libkernel.a(kheap.c.obj)
 .debug_abbrev  0x00000000000089b4      0x1bb zephyr/CMakeFiles/offsets.dir/arch/arm/core/offsets/offsets.c.obj

.debug_line     0x0000000000000000    0x16085
 *(SORT_BY_ALIGNMENT(.debug_line) SORT_BY_ALIGNMENT(.debug_line.*) SORT_BY_ALIGNMENT(.debug_line_end))
 .debug_line    0x0000000000000000      0x5ed app/libapp.a(main.c.obj)
 .debug_line    0x00000000000005ed      0x69b zephyr/libzephyr.a(fdtable.c.obj)
 .debug_line    0x0000000000000c88      0xa91 zephyr/libzephyr.a(printk.c.obj)
 .debug_line    0x0000000000001719      0x3e6 zephyr/libzephyr.a(thread_entry.c.obj)
 .debug_line    0x0000000000001aff     0x13d6 zephyr/libzephyr.a(heap.c.obj)
 .debug_line    0x0000000000002ed5      0x154 zephyr/libzephyr.a(configs.c.obj)
 .debug_line    0x0000000000003029      0x566 zephyr/libzephyr.a(rtt_console.c.obj)
 .debug_line    0x000000000000358f      0xcbd zephyr/libzephyr.a(nrf_power_clock.c.obj)
 .debug_line    0x000000000000424c      0x404 zephyr/libzephyr.a(sys_clock_init.c.obj)
 .debug_line    0x0000000000004650      0xae2 zephyr/libzephyr.a(nrf_rtc_timer.c.obj)
 .debug_line    0x0000000000005132     0x16fe zephyr/libzephyr.a(SEGGER_RTT.c.obj)
 .debug_line    0x0000000000006830      0x3be zephyr/libzephyr.a(SEGGER_RTT_zephyr.c.obj)
 .debug_line    0x0000000000006bee      0x225 zephyr/arch/common/libarch__common.a(isr_tables.c.obj)
 .debug_line    0x0000000000006e13      0x470 zephyr/arch/arch/arm/core/aarch32/libarch__arm__core__aarch32.a(swap.c.obj)
 .debug_line    0x0000000000007283       0xc5 zephyr/arch/arch/arm/core/aarch32/libarch__arm__core__aarch32.a(swap_helper.S.obj)
 .debug_line    0x0000000000007348      0x50d zephyr/arch/arch/arm/core/aarch32/libarch__arm__core__aarch32.a(irq_manage.c.obj)
 .debug_line    0x0000000000007855      0x571 zephyr/arch/arch/arm/core/aarch32/libarch__arm__core__aarch32.a(thread.c.obj)
 .debug_line    0x0000000000007dc6       0xaa zephyr/arch/arch/arm/core/aarch32/libarch__arm__core__aarch32.a(cpu_idle.S.obj)
 .debug_line    0x0000000000007e70      0x461 zephyr/arch/arch/arm/core/aarch32/libarch__arm__core__aarch32.a(fatal.c.obj)
 .debug_line    0x00000000000082d1      0x38b zephyr/arch/arch/arm/core/aarch32/libarch__arm__core__aarch32.a(nmi.c.obj)
 .debug_line    0x000000000000865c       0x79 zephyr/arch/arch/arm/core/aarch32/libarch__arm__core__aarch32.a(nmi_on_reset.S.obj)
 .debug_line    0x00000000000086d5      0x502 zephyr/arch/arch/arm/core/aarch32/libarch__arm__core__aarch32.a(prep_c.c.obj)
 .debug_line    0x0000000000008bd7       0xa1 zephyr/arch/arch/arm/core/aarch32/libarch__arm__core__aarch32.a(isr_wrapper.S.obj)
 .debug_line    0x0000000000008c78       0x8b zephyr/arch/arch/arm/core/aarch32/cortex_m/libarch__arm__core__aarch32__cortex_m.a(reset.S.obj)
 .debug_line    0x0000000000008d03       0x82 zephyr/arch/arch/arm/core/aarch32/cortex_m/libarch__arm__core__aarch32__cortex_m.a(fault_s.S.obj)
 .debug_line    0x0000000000008d85      0x9ab zephyr/arch/arch/arm/core/aarch32/cortex_m/libarch__arm__core__aarch32__cortex_m.a(fault.c.obj)
 .debug_line    0x0000000000009730       0x8c zephyr/arch/arch/arm/core/aarch32/cortex_m/libarch__arm__core__aarch32__cortex_m.a(exc_exit.S.obj)
 .debug_line    0x00000000000097bc      0x2c2 zephyr/arch/arch/arm/core/aarch32/cortex_m/libarch__arm__core__aarch32__cortex_m.a(irq_init.c.obj)
 .debug_line    0x0000000000009a7e      0x4dc zephyr/arch/arch/arm/core/aarch32/cortex_m/libarch__arm__core__aarch32__cortex_m.a(thread_abort.c.obj)
 .debug_line    0x0000000000009f5a      0x487 zephyr/arch/arch/arm/core/aarch32/cortex_m/mpu/libarch__arm__core__aarch32__cortex_m__mpu.a(arm_core_mpu.c.obj)
 .debug_line    0x000000000000a3e1      0x8fc zephyr/arch/arch/arm/core/aarch32/cortex_m/mpu/libarch__arm__core__aarch32__cortex_m__mpu.a(arm_mpu.c.obj)
 .debug_line    0x000000000000acdd      0x6b0 zephyr/lib/libc/minimal/liblib__libc__minimal.a(string.c.obj)
 .debug_line    0x000000000000b38d      0x2f8 zephyr/lib/libc/minimal/liblib__libc__minimal.a(stdout_console.c.obj)
 .debug_line    0x000000000000b685      0x236 zephyr/soc/arm/common/cortex_m/libsoc__arm__common__cortex_m.a(arm_mpu_regions.c.obj)
 .debug_line    0x000000000000b8bb      0x5ca zephyr/soc/arm/nordic_nrf/nrf52/libsoc__arm__nordic_nrf__nrf52.a(soc.c.obj)
 .debug_line    0x000000000000be85     0x12f8 zephyr/drivers/gpio/libdrivers__gpio.a(gpio_nrfx.c.obj)
 .debug_line    0x000000000000d17d      0xb41 zephyr/drivers/serial/libdrivers__serial.a(uart_nrfx_uart.c.obj)
 .debug_line    0x000000000000dcbe      0x7d3 modules/nordic/lib..__modules__hal__nordic.a(system_nrf52.c.obj)
 .debug_line    0x000000000000e491      0x496 modules/nordic/lib..__modules__hal__nordic.a(nrfx_glue.c.obj)
 .debug_line    0x000000000000e927      0x4cf zephyr/kernel/libkernel.a(device.c.obj)
 .debug_line    0x000000000000edf6      0x3ab zephyr/kernel/libkernel.a(errno.c.obj)
 .debug_line    0x000000000000f1a1      0x641 zephyr/kernel/libkernel.a(fatal.c.obj)
 .debug_line    0x000000000000f7e2      0x531 zephyr/kernel/libkernel.a(idle.c.obj)
 .debug_line    0x000000000000fd13      0x9a5 zephyr/kernel/libkernel.a(init.c.obj)
 .debug_line    0x00000000000106b8      0x907 zephyr/kernel/libkernel.a(mutex.c.obj)
 .debug_line    0x0000000000010fbf     0x2d3c zephyr/kernel/libkernel.a(sched.c.obj)
 .debug_line    0x0000000000013cfb      0x912 zephyr/kernel/libkernel.a(thread.c.obj)
 .debug_line    0x000000000001460d      0xf3d zephyr/kernel/libkernel.a(timeout.c.obj)
 .debug_line    0x000000000001554a      0x6c1 zephyr/kernel/libkernel.a(kheap.c.obj)
 .debug_line    0x0000000000015c0b      0x47a zephyr/CMakeFiles/offsets.dir/arch/arm/core/offsets/offsets.c.obj

.debug_frame    0x0000000000000000     0x23a0
 *(SORT_BY_ALIGNMENT(.debug_frame))
 .debug_frame   0x0000000000000000       0x2c app/libapp.a(main.c.obj)
 .debug_frame   0x000000000000002c       0xcc zephyr/libzephyr.a(fdtable.c.obj)
 .debug_frame   0x00000000000000f8      0x1d0 zephyr/libzephyr.a(printk.c.obj)
 .debug_frame   0x00000000000002c8       0x28 zephyr/libzephyr.a(thread_entry.c.obj)
 .debug_frame   0x00000000000002f0      0x104 zephyr/libzephyr.a(heap.c.obj)
 .debug_frame   0x00000000000003f4       0x20 zephyr/libzephyr.a(configs.c.obj)
 .debug_frame   0x0000000000000414       0x64 zephyr/libzephyr.a(rtt_console.c.obj)
 .debug_frame   0x0000000000000478      0x16c zephyr/libzephyr.a(nrf_power_clock.c.obj)
 .debug_frame   0x00000000000005e4       0x70 zephyr/libzephyr.a(sys_clock_init.c.obj)
 .debug_frame   0x0000000000000654      0x188 zephyr/libzephyr.a(nrf_rtc_timer.c.obj)
 .debug_frame   0x00000000000007dc      0x39c zephyr/libzephyr.a(SEGGER_RTT.c.obj)
 .debug_frame   0x0000000000000b78       0x28 zephyr/libzephyr.a(SEGGER_RTT_zephyr.c.obj)
 .debug_frame   0x0000000000000ba0       0x20 zephyr/arch/arch/arm/core/aarch32/libarch__arm__core__aarch32.a(swap.c.obj)
 .debug_frame   0x0000000000000bc0       0x80 zephyr/arch/arch/arm/core/aarch32/libarch__arm__core__aarch32.a(irq_manage.c.obj)
 .debug_frame   0x0000000000000c40       0x4c zephyr/arch/arch/arm/core/aarch32/libarch__arm__core__aarch32.a(thread.c.obj)
 .debug_frame   0x0000000000000c8c       0x58 zephyr/arch/arch/arm/core/aarch32/libarch__arm__core__aarch32.a(fatal.c.obj)
 .debug_frame   0x0000000000000ce4       0x28 zephyr/arch/arch/arm/core/aarch32/libarch__arm__core__aarch32.a(nmi.c.obj)
 .debug_frame   0x0000000000000d0c       0x28 zephyr/arch/arch/arm/core/aarch32/libarch__arm__core__aarch32.a(prep_c.c.obj)
 .debug_frame   0x0000000000000d34       0xc8 zephyr/arch/arch/arm/core/aarch32/cortex_m/libarch__arm__core__aarch32__cortex_m.a(fault.c.obj)
 .debug_frame   0x0000000000000dfc       0x20 zephyr/arch/arch/arm/core/aarch32/cortex_m/libarch__arm__core__aarch32__cortex_m.a(irq_init.c.obj)
 .debug_frame   0x0000000000000e1c       0x2c zephyr/arch/arch/arm/core/aarch32/cortex_m/libarch__arm__core__aarch32__cortex_m.a(thread_abort.c.obj)
 .debug_frame   0x0000000000000e48       0x44 zephyr/arch/arch/arm/core/aarch32/cortex_m/mpu/libarch__arm__core__aarch32__cortex_m__mpu.a(arm_core_mpu.c.obj)
 .debug_frame   0x0000000000000e8c      0x128 zephyr/arch/arch/arm/core/aarch32/cortex_m/mpu/libarch__arm__core__aarch32__cortex_m__mpu.a(arm_mpu.c.obj)
 .debug_frame   0x0000000000000fb4      0x180 zephyr/lib/libc/minimal/liblib__libc__minimal.a(string.c.obj)
 .debug_frame   0x0000000000001134       0xd0 zephyr/lib/libc/minimal/liblib__libc__minimal.a(stdout_console.c.obj)
 .debug_frame   0x0000000000001204       0x64 zephyr/soc/arm/nordic_nrf/nrf52/libsoc__arm__nordic_nrf__nrf52.a(soc.c.obj)
 .debug_frame   0x0000000000001268      0x200 zephyr/drivers/gpio/libdrivers__gpio.a(gpio_nrfx.c.obj)
 .debug_frame   0x0000000000001468       0xf0 zephyr/drivers/serial/libdrivers__serial.a(uart_nrfx_uart.c.obj)
 .debug_frame   0x0000000000001558       0xe8 modules/nordic/lib..__modules__hal__nordic.a(system_nrf52.c.obj)
 .debug_frame   0x0000000000001640       0x50 modules/nordic/lib..__modules__hal__nordic.a(nrfx_glue.c.obj)
 .debug_frame   0x0000000000001690       0x68 zephyr/kernel/libkernel.a(device.c.obj)
 .debug_frame   0x00000000000016f8       0x20 zephyr/kernel/libkernel.a(errno.c.obj)
 .debug_frame   0x0000000000001718       0x70 zephyr/kernel/libkernel.a(fatal.c.obj)
 .debug_frame   0x0000000000001788       0x68 zephyr/kernel/libkernel.a(idle.c.obj)
 .debug_frame   0x00000000000017f0       0xe0 zephyr/kernel/libkernel.a(init.c.obj)
 .debug_frame   0x00000000000018d0       0xa4 zephyr/kernel/libkernel.a(mutex.c.obj)
 .debug_frame   0x0000000000001974      0x578 zephyr/kernel/libkernel.a(sched.c.obj)